{
 "cells": [
  {
   "cell_type": "markdown",
   "metadata": {},
   "source": [
    "## Introduction\n",
    "This notebook is a record of an investigation to figure out the CuArray.jl library doesn't recognize the GPU in the amazon instance i'm trying to run Flux.jl on.\n",
    "\n",
    "## Hardware/software type\n",
    "The type of aws instance is p3.2xlarge , and it's running amazon's deep learning AMI https://aws.amazon.com/blogs/machine-learning/get-started-with-deep-learning-using-the-aws-deep-learning-ami/\n",
    "\n",
    "## vidia-smi output\n",
    "\n",
    "... before starting to run anything\n",
    "\n",
    "\n",
    "     [ec2-user@ip-172-30-0-12 ~]$ nvidia-smi \n",
    "     Mon Feb 17 20:46:41 2020       \n",
    "     +-----------------------------------------------------------------------------+\n",
    "     | NVIDIA-SMI 418.87.01    Driver Version: 418.87.01    CUDA Version: 10.1     |\n",
    "     |-------------------------------+----------------------+----------------------+\n",
    "     | GPU  Name        Persistence-M| Bus-Id        Disp.A | Volatile Uncorr. ECC |\n",
    "     | Fan  Temp  Perf  Pwr:Usage/Cap|         Memory-Usage | GPU-Util  Compute M. |\n",
    "     |===============================+======================+======================|\n",
    "     |   0  Tesla V100-SXM2...  On   | 00000000:00:1E.0 Off |                    0 |\n",
    "     | N/A   38C    P0    24W / 300W |     10MiB / 16130MiB |      0%      Default |\n",
    "     +-------------------------------+----------------------+----------------------+\n",
    "                                                                                    \n",
    "     +-----------------------------------------------------------------------------+\n",
    "     | Processes:                                                       GPU Memory |\n",
    "     |  GPU       PID   Type   Process name                             Usage      |\n",
    "     |=============================================================================|\n",
    "     |  No running processes found                                                 |\n",
    "     +-----------------------------------------------------------------------------+\n",
    "     [ec2-user@ip-172-30-0-12 ~]$\n",
    "     \n",
    "    \n",
    "## Starting julia and loading CuArrays with debugging enabled\n",
    "\n",
    "      [ec2-user@ip-172-30-0-12 ~]$ JULIA_DEBUG=CUDAapi julia\n",
    "\t\t     _\n",
    "\t _       _ _(_)_     |  Documentation: https://docs.julialang.org\n",
    "\t(_)     | (_) (_)    |\n",
    "\t _ _   _| |_  __ _   |  Type \"?\" for help, \"]?\" for Pkg help.\n",
    "\t| | | | | | |/ _` |  |\n",
    "\t| | |_| | | | (_| |  |  Version 1.3.1 (2019-12-30)\n",
    "       _/ |\\__'_|_|_|\\__'_|  |  Official https://julialang.org/ release\n",
    "      |__/                   |\n",
    "\n",
    "      julia> using CuArrays\n",
    "      ┌ Debug: Request to look for binary ptxas\n",
    "      │   locations = 0-element Array{String,1}\n",
    "      └ @ CUDAapi ~/.julia/packages/CUDAapi/wYUAO/src/CUDAapi.jl:8\n",
    "      ┌ Debug: Looking for binary ptxas\n",
    "      │   locations =\n",
    "      │    32-element Array{String,1}:\n",
    "      │     \"/home/ec2-user/anaconda3/bin/\"             \n",
    "      │     \"/usr/libexec/gcc/x86_64-amazon-linux/4.8.5\"\n",
    "      │     \"/home/ec2-user/anaconda3/bin/\"             \n",
    "      │     \"/usr/local/cuda/bin\"                       \n",
    "      │     ⋮                                           \n",
    "      │     \"/home/ec2-user/.local/bin\"                 \n",
    "      │     \"/home/ec2-user/bin\"                        \n",
    "      │     \"/home/ec2-user/julia-1.3.1/bin\"            \n",
    "      └ @ CUDAapi ~/.julia/packages/CUDAapi/wYUAO/src/CUDAapi.jl:8\n",
    "      ┌ Debug: Found binary ptxas at /usr/local/cuda/bin\n",
    "      └ @ CUDAapi ~/.julia/packages/CUDAapi/wYUAO/src/discovery.jl:141\n",
    "      ┌ Debug: Looking for CUDA toolkit via ptxas binary\n",
    "      │   path = \"/usr/local/cuda/bin/ptxas\"\n",
    "      │   dir = \"/usr/local/cuda\"\n",
    "      └ @ CUDAapi ~/.julia/packages/CUDAapi/wYUAO/src/CUDAapi.jl:8\n",
    "      ┌ Debug: Request to look for library cudart\n",
    "      │   locations = 0-element Array{String,1}\n",
    "      └ @ CUDAapi ~/.julia/packages/CUDAapi/wYUAO/src/CUDAapi.jl:8\n",
    "      ┌ Debug: Looking for library libcudart.so, libcudart.so.1, libcudart.so.1.0, libcudart.so.1.1, libcudart.so.2, libcudart.so.2.0, libcudart.so.2.1, libcudart.so.2.2, libcudart.so.3, libcudart.so.3.0, libcudart.so.3.1, libcudart.so.3.2, libcudart.so.4, libcudart.so.4.0, libcudart.so.4.1, libcudart.so.4.2, libcudart.so.5, libcudart.so.5.0, libcudart.so.5.5, libcudart.so.6, libcudart.so.6.0, libcudart.so.6.5, libcudart.so.7, libcudart.so.7.0, libcudart.so.7.5, libcudart.so.8, libcudart.so.8.0, libcudart.so.9, libcudart.so.9.0, libcudart.so.9.1, libcudart.so.9.2, libcudart.so.10, libcudart.so.10.0, libcudart.so.10.1, libcudart.so.10.2\n",
    "      │   locations = 0-element Array{String,1}\n",
    "      └ @ CUDAapi ~/.julia/packages/CUDAapi/wYUAO/src/CUDAapi.jl:8\n",
    "      ┌ Debug: Found library libcudart.so at /usr/local/cuda/lib64\n",
    "      └ @ CUDAapi ~/.julia/packages/CUDAapi/wYUAO/src/discovery.jl:90\n",
    "      ┌ Debug: Looking for CUDA toolkit via CUDA runtime library\n",
    "      │   path = \"/usr/local/cuda/lib64/libcudart.so\"\n",
    "      │   dir = \"/usr/local/cuda\"\n",
    "      └ @ CUDAapi ~/.julia/packages/CUDAapi/wYUAO/src/CUDAapi.jl:8\n",
    "      ┌ Debug: Looking for CUDA toolkit via default installation directories\n",
    "      │   dirs =\n",
    "      │    6-element Array{String,1}:\n",
    "      │     \"/usr/local/cuda-10.0/\"\n",
    "      │     \"/usr/local/cuda-10.1\" \n",
    "      │     \"/usr/local/cuda-10.0\" \n",
    "      │     \"/usr/local/cuda-9.2\"  \n",
    "      │     \"/usr/local/cuda-9.0\"  \n",
    "      │     \"/usr/local/cuda-8.0\"  \n",
    "      └ @ CUDAapi ~/.julia/packages/CUDAapi/wYUAO/src/CUDAapi.jl:8\n",
    "      ┌ Debug: Found CUDA toolkit at /usr/local/cuda-10.0/, /usr/local/cuda-10.1, /usr/local/cuda-10.0, /usr/local/cuda-9.2, /usr/local/cuda-9.0, /usr/local/cuda-8.0\n",
    "      └ @ CUDAapi ~/.julia/packages/CUDAapi/wYUAO/src/discovery.jl:281\n",
    "      ┌ Debug: Request to look for binary nvdisasm\n",
    "      │   locations =\n",
    "      │    6-element Array{String,1}:\n",
    "      │     \"/usr/local/cuda-10.0/\"\n",
    "      │     \"/usr/local/cuda-10.1\" \n",
    "      │     \"/usr/local/cuda-10.0\" \n",
    "      │     \"/usr/local/cuda-9.2\"  \n",
    "      │     \"/usr/local/cuda-9.0\"  \n",
    "      │     \"/usr/local/cuda-8.0\"  \n",
    "      └ @ CUDAapi ~/.julia/packages/CUDAapi/wYUAO/src/CUDAapi.jl:8\n",
    "      ┌ Debug: Looking for binary nvdisasm\n",
    "      │   locations =\n",
    "      │    44-element Array{String,1}:\n",
    "      │     \"/usr/local/cuda-10.0/\"         \n",
    "      │     \"/usr/local/cuda-10.0/bin\"      \n",
    "      │     \"/usr/local/cuda-10.1\"          \n",
    "      │     \"/usr/local/cuda-10.1/bin\"      \n",
    "      │     ⋮                               \n",
    "      │     \"/home/ec2-user/.local/bin\"     \n",
    "      │     \"/home/ec2-user/bin\"            \n",
    "      │     \"/home/ec2-user/julia-1.3.1/bin\"\n",
    "      └ @ CUDAapi ~/.julia/packages/CUDAapi/wYUAO/src/CUDAapi.jl:8\n",
    "      ┌ Debug: Found binary nvdisasm at /usr/local/cuda-10.0/bin\n",
    "      └ @ CUDAapi ~/.julia/packages/CUDAapi/wYUAO/src/discovery.jl:141\n",
    "      ┌ Debug: CUDA toolkit identified as 10.0.130\n",
    "      └ @ CUDAapi ~/.julia/packages/CUDAapi/wYUAO/src/discovery.jl:297\n",
    "      ┌ Debug: Request to look for libdevice\n",
    "      │   locations =\n",
    "      │    6-element Array{String,1}:\n",
    "      │     \"/usr/local/cuda-10.0/\"\n",
    "      │     \"/usr/local/cuda-10.1\" \n",
    "      │     \"/usr/local/cuda-10.0\" \n",
    "      │     \"/usr/local/cuda-9.2\"  \n",
    "      │     \"/usr/local/cuda-9.0\"  \n",
    "      │     \"/usr/local/cuda-8.0\"  \n",
    "      └ @ CUDAapi ~/.julia/packages/CUDAapi/wYUAO/src/CUDAapi.jl:8\n",
    "      ┌ Debug: Look for libdevice\n",
    "      │   locations =\n",
    "      │    11-element Array{String,1}:\n",
    "      │     \"/usr/local/cuda-10.0/\"              \n",
    "      │     \"/usr/local/cuda-10.0/nvvm/libdevice\"\n",
    "      │     \"/usr/local/cuda-10.1\"               \n",
    "      │     \"/usr/local/cuda-10.1/nvvm/libdevice\"\n",
    "      │     ⋮                                    \n",
    "      │     \"/usr/local/cuda-9.0/nvvm/libdevice\" \n",
    "      │     \"/usr/local/cuda-8.0\"                \n",
    "      │     \"/usr/local/cuda-8.0/nvvm/libdevice\" \n",
    "      └ @ CUDAapi ~/.julia/packages/CUDAapi/wYUAO/src/CUDAapi.jl:8\n",
    "      ┌ Debug: Found unified device library at /usr/local/cuda-10.0/nvvm/libdevice/libdevice.10.bc\n",
    "      └ @ CUDAapi ~/.julia/packages/CUDAapi/wYUAO/src/discovery.jl:327\n",
    "      ┌ Debug: Request to look for libcudadevrt \n",
    "      │   locations =\n",
    "      │    6-element Array{String,1}:\n",
    "      │     \"/usr/local/cuda-10.0/\"\n",
    "      │     \"/usr/local/cuda-10.1\" \n",
    "      │     \"/usr/local/cuda-10.0\" \n",
    "      │     \"/usr/local/cuda-9.2\"  \n",
    "      │     \"/usr/local/cuda-9.0\"  \n",
    "      │     \"/usr/local/cuda-8.0\"  \n",
    "      └ @ CUDAapi ~/.julia/packages/CUDAapi/wYUAO/src/CUDAapi.jl:8\n",
    "      ┌ Debug: Looking for CUDA device runtime library libcudadevrt.a\n",
    "      │   locations =\n",
    "      │    18-element Array{String,1}:\n",
    "      │     \"/usr/local/cuda-10.0/\"     \n",
    "      │     \"/usr/local/cuda-10.0/lib\"  \n",
    "      │     \"/usr/local/cuda-10.0/lib64\"\n",
    "      │     \"/usr/local/cuda-10.1\"      \n",
    "      │     ⋮                           \n",
    "      │     \"/usr/local/cuda-8.0\"       \n",
    "      │     \"/usr/local/cuda-8.0/lib\"   \n",
    "      │     \"/usr/local/cuda-8.0/lib64\" \n",
    "      └ @ CUDAapi ~/.julia/packages/CUDAapi/wYUAO/src/CUDAapi.jl:8\n",
    "      ┌ Debug: Found CUDA device runtime library libcudadevrt.a at /usr/local/cuda-10.0/lib64\n",
    "      └ @ CUDAapi ~/.julia/packages/CUDAapi/wYUAO/src/discovery.jl:379\n",
    "      ┌ Debug: Request to look for library nvToolsExt\n",
    "      │   locations =\n",
    "      │    6-element Array{String,1}:\n",
    "      │     \"/usr/local/cuda-10.0/\"\n",
    "      │     \"/usr/local/cuda-10.1\" \n",
    "      │     \"/usr/local/cuda-10.0\" \n",
    "      │     \"/usr/local/cuda-9.2\"  \n",
    "      │     \"/usr/local/cuda-9.0\"  \n",
    "      │     \"/usr/local/cuda-8.0\"  \n",
    "      └ @ CUDAapi ~/.julia/packages/CUDAapi/wYUAO/src/CUDAapi.jl:8\n",
    "      ┌ Debug: Looking for library libnvToolsExt.so, libnvToolsExt.so.1, libnvToolsExt.so.1.0\n",
    "      │   locations =\n",
    "      │    24-element Array{String,1}:\n",
    "      │     \"/usr/local/cuda-10.0/\"      \n",
    "      │     \"/usr/local/cuda-10.0/lib\"   \n",
    "      │     \"/usr/local/cuda-10.0/lib64\" \n",
    "      │     \"/usr/local/cuda-10.0/libx64\"\n",
    "      │     ⋮                            \n",
    "      │     \"/usr/local/cuda-8.0/lib\"    \n",
    "      │     \"/usr/local/cuda-8.0/lib64\"  \n",
    "      │     \"/usr/local/cuda-8.0/libx64\" \n",
    "      └ @ CUDAapi ~/.julia/packages/CUDAapi/wYUAO/src/CUDAapi.jl:8\n",
    "      ┌ Debug: Found library libnvToolsExt.so at /usr/local/cuda-10.0/lib64\n",
    "      └ @ CUDAapi ~/.julia/packages/CUDAapi/wYUAO/src/discovery.jl:90\n",
    "      ┌ Debug: Request to look for library cupti\n",
    "      │   locations =\n",
    "      │    12-element Array{String,1}:\n",
    "      │     \"/usr/local/cuda-10.0/\"           \n",
    "      │     \"/usr/local/cuda-10.1\"            \n",
    "      │     \"/usr/local/cuda-10.0\"            \n",
    "      │     \"/usr/local/cuda-9.2\"             \n",
    "      │     ⋮                                 \n",
    "      │     \"/usr/local/cuda-9.2/extras/CUPTI\"\n",
    "      │     \"/usr/local/cuda-9.0/extras/CUPTI\"\n",
    "      │     \"/usr/local/cuda-8.0/extras/CUPTI\"\n",
    "      └ @ CUDAapi ~/.julia/packages/CUDAapi/wYUAO/src/CUDAapi.jl:8\n",
    "      ┌ Debug: Looking for library libcupti.so, libcupti.so.10, libcupti.so.10.0\n",
    "      │   locations =\n",
    "      │    48-element Array{String,1}:\n",
    "      │     \"/usr/local/cuda-10.0/\"                  \n",
    "      │     \"/usr/local/cuda-10.0/lib\"               \n",
    "      │     \"/usr/local/cuda-10.0/lib64\"             \n",
    "      │     \"/usr/local/cuda-10.0/libx64\"            \n",
    "      │     ⋮                                        \n",
    "      │     \"/usr/local/cuda-8.0/extras/CUPTI/lib\"   \n",
    "      │     \"/usr/local/cuda-8.0/extras/CUPTI/lib64\" \n",
    "      │     \"/usr/local/cuda-8.0/extras/CUPTI/libx64\"\n",
    "      └ @ CUDAapi ~/.julia/packages/CUDAapi/wYUAO/src/CUDAapi.jl:8\n",
    "      ┌ Debug: Found library libcupti.so at /usr/local/cuda-10.0/extras/CUPTI/lib64\n",
    "      └ @ CUDAapi ~/.julia/packages/CUDAapi/wYUAO/src/discovery.jl:90\n",
    "      ┌ Debug: Request to look for library cutensor\n",
    "      │   locations =\n",
    "      │    12-element Array{String,1}:\n",
    "      │     \"/usr/local/cuda-10.0/\"           \n",
    "      │     \"/usr/local/cuda-10.1\"            \n",
    "      │     \"/usr/local/cuda-10.0\"            \n",
    "      │     \"/usr/local/cuda-9.2\"             \n",
    "      │     ⋮                                 \n",
    "      │     \"/usr/local/cuda-9.2/extras/CUPTI\"\n",
    "      │     \"/usr/local/cuda-9.0/extras/CUPTI\"\n",
    "      │     \"/usr/local/cuda-8.0/extras/CUPTI\"\n",
    "      └ @ CUDAapi ~/.julia/packages/CUDAapi/wYUAO/src/CUDAapi.jl:8\n",
    "      ┌ Debug: Looking for library libcutensor.so, libcutensor.so.1, libcutensor.so.1.0\n",
    "      │   locations =\n",
    "      │    48-element Array{String,1}:\n",
    "      │     \"/usr/local/cuda-10.0/\"                  \n",
    "      │     \"/usr/local/cuda-10.0/lib\"               \n",
    "      │     \"/usr/local/cuda-10.0/lib64\"             \n",
    "      │     \"/usr/local/cuda-10.0/libx64\"            \n",
    "      │     ⋮                                        \n",
    "      │     \"/usr/local/cuda-8.0/extras/CUPTI/lib\"   \n",
    "      │     \"/usr/local/cuda-8.0/extras/CUPTI/lib64\" \n",
    "      │     \"/usr/local/cuda-8.0/extras/CUPTI/libx64\"\n",
    "      └ @ CUDAapi ~/.julia/packages/CUDAapi/wYUAO/src/CUDAapi.jl:8\n",
    "      ┌ Warning: CuArrays.jl only supports CUDNN v7.6 or higher\n",
    "      └ @ CuArrays ~/.julia/packages/CuArrays/HE8G6/src/CuArrays.jl:121\n",
    "\n",
    "      julia>\n",
    "    "
   ]
  },
  {
   "cell_type": "markdown",
   "metadata": {},
   "source": [
    "## DMESG\n",
    "\n",
    "     [ec2-user@ip-172-30-0-12 ~]$ dmesg\n",
    "     [    0.000000] Linux version 4.14.165-103.209.amzn1.x86_64 (mockbuild@koji-pdx-corp-builder-60005) (gcc version 7.2.1 20170915 (Red Hat 7.2.1-2) (GCC)) #1 SMP Sun Feb 9 00:23:26 UTC 2020\n",
    "     [    0.000000] Command line: root=LABEL=/ console=tty1 console=ttyS0 selinux=0 nvme_core.io_timeout=4294967295 LANG=en_US.UTF-8 KEYTABLE=us\n",
    "     [    0.000000] x86/fpu: Supporting XSAVE feature 0x001: 'x87 floating point registers'\n",
    "     [    0.000000] x86/fpu: Supporting XSAVE feature 0x002: 'SSE registers'\n",
    "     [    0.000000] x86/fpu: Supporting XSAVE feature 0x004: 'AVX registers'\n",
    "     [    0.000000] x86/fpu: xstate_offset[2]:  576, xstate_sizes[2]:  256\n",
    "     [    0.000000] x86/fpu: Enabled xstate features 0x7, context size is 832 bytes, using 'standard' format.\n",
    "     [    0.000000] e820: BIOS-provided physical RAM map:\n",
    "     [    0.000000] BIOS-e820: [mem 0x0000000000000000-0x000000000009dfff] usable\n",
    "     [    0.000000] BIOS-e820: [mem 0x000000000009e000-0x000000000009ffff] reserved\n",
    "     [    0.000000] BIOS-e820: [mem 0x00000000000e0000-0x00000000000fffff] reserved\n",
    "     [    0.000000] BIOS-e820: [mem 0x0000000000100000-0x000000007fffffff] usable\n",
    "     [    0.000000] BIOS-e820: [mem 0x00000000fc000000-0x00000000ffffffff] reserved\n",
    "     [    0.000000] BIOS-e820: [mem 0x0000000100000000-0x0000000fbfffffff] usable\n",
    "     [    0.000000] NX (Execute Disable) protection: active\n",
    "     [    0.000000] SMBIOS 2.7 present.\n",
    "     [    0.000000] DMI: Xen HVM domU, BIOS 4.2.amazon 08/24/2006\n",
    "     [    0.000000] Hypervisor detected: Xen HVM\n",
    "     [    0.000000] Xen version 4.2.\n",
    "     [    0.000000] Xen Platform PCI: I/O protocol version 1\n",
    "     [    0.000000] Netfront and the Xen platform PCI driver have been compiled for this kernel: unplug emulated NICs.\n",
    "     [    0.000000] Blkfront and the Xen platform PCI driver have been compiled for this kernel: unplug emulated disks.\n",
    "     You might have to change the root device\n",
    "     from /dev/hd[a-d] to /dev/xvd[a-d]\n",
    "     in your root= kernel command line option\n",
    "     [    0.000000] HVMOP_pagetable_dying not supported\n",
    "     [    0.000000] tsc: Fast TSC calibration using PIT\n",
    "     [    0.000000] e820: update [mem 0x00000000-0x00000fff] usable ==> reserved\n",
    "     [    0.000000] e820: remove [mem 0x000a0000-0x000fffff] usable\n",
    "     [    0.000000] e820: last_pfn = 0xfc0000 max_arch_pfn = 0x400000000\n",
    "     [    0.000000] MTRR default type: write-back\n",
    "     [    0.000000] MTRR fixed ranges enabled:\n",
    "     [    0.000000]   00000-9FFFF write-back\n",
    "     [    0.000000]   A0000-BFFFF write-combining\n",
    "     [    0.000000]   C0000-FFFFF write-back\n",
    "     [    0.000000] MTRR variable ranges enabled:\n",
    "     [    0.000000]   0 base 000080000000 mask 3FFFC0000000 uncachable\n",
    "     [    0.000000]   1 base 0000C0000000 mask 3FFFE0000000 uncachable\n",
    "     [    0.000000]   2 base 0000E0000000 mask 3FFFF0000000 uncachable\n",
    "     [    0.000000]   3 base 0000F0000000 mask 3FFFF8000000 uncachable\n",
    "     [    0.000000]   4 base 0000F8000000 mask 3FFFFC000000 uncachable\n",
    "     [    0.000000]   5 base 001000000000 mask 3FF000000000 uncachable\n",
    "     [    0.000000]   6 disabled\n",
    "     [    0.000000]   7 disabled\n",
    "     [    0.000000] x86/PAT: Configuration [0-7]: WB  WC  UC- UC  WB  WP  UC- WT  \n",
    "     [    0.000000] e820: last_pfn = 0x80000 max_arch_pfn = 0x400000000\n",
    "     [    0.000000] found SMP MP-table at [mem 0x000fbc50-0x000fbc5f]\n",
    "     [    0.000000] Base memory trampoline at [ffff888000098000] 98000 size 24576\n",
    "     [    0.000000] Using GB pages for direct mapping\n",
    "     [    0.000000] BRK [0x02889000, 0x02889fff] PGTABLE\n",
    "     [    0.000000] BRK [0x0288a000, 0x0288afff] PGTABLE\n",
    "     [    0.000000] BRK [0x0288b000, 0x0288bfff] PGTABLE\n",
    "     [    0.000000] RAMDISK: [mem 0x3707f000-0x37feffff]\n",
    "     [    0.000000] ACPI: Early table checksum verification disabled\n",
    "     [    0.000000] ACPI: RSDP 0x00000000000EA020 000024 (v02 Xen   )\n",
    "     [    0.000000] ACPI: XSDT 0x00000000FC00E2A0 000054 (v01 Xen    HVM      00000000 HVML 00000000)\n",
    "     [    0.000000] ACPI: FACP 0x00000000FC00DF60 0000F4 (v04 Xen    HVM      00000000 HVML 00000000)\n",
    "     [    0.000000] ACPI: DSDT 0x00000000FC0021C0 00BD19 (v02 Xen    HVM      00000000 INTL 20090123)\n",
    "     [    0.000000] ACPI: FACS 0x00000000FC002180 000040\n",
    "     [    0.000000] ACPI: FACS 0x00000000FC002180 000040\n",
    "     [    0.000000] ACPI: APIC 0x00000000FC00E060 0000D8 (v02 Xen    HVM      00000000 HVML 00000000)\n",
    "     [    0.000000] ACPI: HPET 0x00000000FC00E1B0 000038 (v01 Xen    HVM      00000000 HVML 00000000)\n",
    "     [    0.000000] ACPI: WAET 0x00000000FC00E1F0 000028 (v01 Xen    HVM      00000000 HVML 00000000)\n",
    "     [    0.000000] ACPI: SSDT 0x00000000FC00E220 000031 (v02 Xen    HVM      00000000 INTL 20090123)\n",
    "     [    0.000000] ACPI: SSDT 0x00000000FC00E260 000033 (v02 Xen    HVM      00000000 INTL 20090123)\n",
    "     [    0.000000] ACPI: Local APIC address 0xfee00000\n",
    "     [    0.000000] No NUMA configuration found\n",
    "     [    0.000000] Faking a node at [mem 0x0000000000000000-0x0000000fbfffffff]\n",
    "     [    0.000000] NODE_DATA(0) allocated [mem 0xfbffde000-0xfbfffffff]\n",
    "     [    0.000000] Zone ranges:\n",
    "     [    0.000000]   DMA      [mem 0x0000000000001000-0x0000000000ffffff]\n",
    "     [    0.000000]   DMA32    [mem 0x0000000001000000-0x00000000ffffffff]\n",
    "     [    0.000000]   Normal   [mem 0x0000000100000000-0x0000000fbfffffff]\n",
    "     [    0.000000] Movable zone start for each node\n",
    "     [    0.000000] Early memory node ranges\n",
    "     [    0.000000]   node   0: [mem 0x0000000000001000-0x000000000009dfff]\n",
    "     [    0.000000]   node   0: [mem 0x0000000000100000-0x000000007fffffff]\n",
    "     [    0.000000]   node   0: [mem 0x0000000100000000-0x0000000fbfffffff]\n",
    "     [    0.000000] Initmem setup node 0 [mem 0x0000000000001000-0x0000000fbfffffff]\n",
    "     [    0.000000] On node 0 totalpages: 15990685\n",
    "     [    0.000000]   DMA zone: 64 pages used for memmap\n",
    "     [    0.000000]   DMA zone: 21 pages reserved\n",
    "     [    0.000000]   DMA zone: 3997 pages, LIFO batch:0\n",
    "     [    0.000000]   DMA32 zone: 8128 pages used for memmap\n",
    "     [    0.000000]   DMA32 zone: 520192 pages, LIFO batch:31\n",
    "     [    0.000000]   Normal zone: 241664 pages used for memmap\n",
    "     [    0.000000]   Normal zone: 15466496 pages, LIFO batch:31\n",
    "     [    0.000000] ACPI: PM-Timer IO Port: 0xb008\n",
    "     [    0.000000] ACPI: Local APIC address 0xfee00000\n",
    "     [    0.000000] IOAPIC[0]: apic_id 1, version 17, address 0xfec00000, GSI 0-47\n",
    "     [    0.000000] ACPI: INT_SRC_OVR (bus 0 bus_irq 0 global_irq 2 dfl dfl)\n",
    "     [    0.000000] ACPI: INT_SRC_OVR (bus 0 bus_irq 5 global_irq 5 low level)\n",
    "     [    0.000000] ACPI: INT_SRC_OVR (bus 0 bus_irq 10 global_irq 10 low level)\n",
    "     [    0.000000] ACPI: INT_SRC_OVR (bus 0 bus_irq 11 global_irq 11 low level)\n",
    "     [    0.000000] ACPI: IRQ0 used by override.\n",
    "     [    0.000000] ACPI: IRQ5 used by override.\n",
    "     [    0.000000] ACPI: IRQ9 used by override.\n",
    "     [    0.000000] ACPI: IRQ10 used by override.\n",
    "     [    0.000000] ACPI: IRQ11 used by override.\n",
    "     [    0.000000] Using ACPI (MADT) for SMP configuration information\n",
    "     [    0.000000] ACPI: HPET id: 0x8086a201 base: 0xfed00000\n",
    "     [    0.000000] smpboot: Allowing 15 CPUs, 7 hotplug CPUs\n",
    "     [    0.000000] PM: Registered nosave memory: [mem 0x00000000-0x00000fff]\n",
    "     [    0.000000] PM: Registered nosave memory: [mem 0x0009e000-0x0009ffff]\n",
    "     [    0.000000] PM: Registered nosave memory: [mem 0x000a0000-0x000dffff]\n",
    "     [    0.000000] PM: Registered nosave memory: [mem 0x000e0000-0x000fffff]\n",
    "     [    0.000000] PM: Registered nosave memory: [mem 0x80000000-0xfbffffff]\n",
    "     [    0.000000] PM: Registered nosave memory: [mem 0xfc000000-0xffffffff]\n",
    "     [    0.000000] e820: [mem 0x80000000-0xfbffffff] available for PCI devices\n",
    "     [    0.000000] Booting paravirtualized kernel on Xen HVM\n",
    "     [    0.000000] clocksource: refined-jiffies: mask: 0xffffffff max_cycles: 0xffffffff, max_idle_ns: 7645519600211568 ns\n",
    "     [    0.000000] setup_percpu: NR_CPUS:8192 nr_cpumask_bits:15 nr_cpu_ids:15 nr_node_ids:1\n",
    "     [    0.000000] percpu: Embedded 44 pages/cpu s140120 r8192 d31912 u262144\n",
    "     [    0.000000] pcpu-alloc: s140120 r8192 d31912 u262144 alloc=1*2097152\n",
    "     [    0.000000] pcpu-alloc: [0] 00 01 02 03 04 05 06 07 [0] 08 09 10 11 12 13 14 -- \n",
    "     [    0.000000] xen: PV spinlocks enabled\n",
    "     [    0.000000] PV qspinlock hash table entries: 256 (order: 0, 4096 bytes)\n",
    "     [    0.000000] Built 1 zonelists, mobility grouping on.  Total pages: 15740808\n",
    "     [    0.000000] Policy zone: Normal\n",
    "     [    0.000000] Kernel command line: root=LABEL=/ console=tty1 console=ttyS0 selinux=0 nvme_core.io_timeout=4294967295 LANG=en_US.UTF-8 KEYTABLE=us\n",
    "     [    0.000000] PID hash table entries: 4096 (order: 3, 32768 bytes)\n",
    "     [    0.000000] Memory: 4218368K/63962740K available (8204K kernel code, 1923K rwdata, 2704K rodata, 2048K init, 4212K bss, 1109308K reserved, 0K cma-reserved)\n",
    "     [    0.000000] SLUB: HWalign=64, Order=0-3, MinObjects=0, CPUs=15, Nodes=1\n",
    "     [    0.000000] Kernel/User page tables isolation: enabled\n",
    "     [    0.000000] ftrace: allocating 25873 entries in 102 pages\n",
    "     [    0.004000] Hierarchical RCU implementation.\n",
    "     [    0.004000] \tRCU restricting CPUs from NR_CPUS=8192 to nr_cpu_ids=15.\n",
    "     [    0.004000] RCU: Adjusting geometry for rcu_fanout_leaf=16, nr_cpu_ids=15\n",
    "     [    0.004000] NR_IRQS: 524544, nr_irqs: 952, preallocated irqs: 16\n",
    "     [    0.004000] xen:events: Using 2-level ABI\n",
    "     [    0.004000] xen:events: Xen HVM callback vector for event delivery is enabled\n",
    "     [    0.004000] Console: colour VGA+ 80x25\n",
    "     [    0.004000] console [tty1] enabled\n",
    "     [    0.004000] Cannot get hvm parameter CONSOLE_EVTCHN (18): -22!\n",
    "     [    0.004000] console [ttyS0] enabled\n",
    "     [    0.004000] clocksource: hpet: mask: 0xffffffff max_cycles: 0xffffffff, max_idle_ns: 30580167144 ns\n",
    "     [    0.004000] hpet clockevent registered\n",
    "     [    0.008000] tsc: Fast TSC calibration using PIT\n",
    "     [    0.020003] tsc: Detected 2299.952 MHz processor\n",
    "     [    0.024011] Calibrating delay loop (skipped), value calculated using timer frequency.. 4600.11 BogoMIPS (lpj=9200224)\n",
    "     [    0.036005] pid_max: default: 32768 minimum: 301\n",
    "     [    0.040018] ACPI: Core revision 20170728\n",
    "     [    0.052274] ACPI: 3 ACPI AML tables successfully acquired and loaded\n",
    "     [    0.056035] Security Framework initialized\n",
    "     [    0.070540] Dentry cache hash table entries: 8388608 (order: 14, 67108864 bytes)\n",
    "     [    0.084155] Inode-cache hash table entries: 4194304 (order: 13, 33554432 bytes)\n",
    "     [    0.092202] Mount-cache hash table entries: 131072 (order: 8, 1048576 bytes)\n",
    "     [    0.096198] Mountpoint-cache hash table entries: 131072 (order: 8, 1048576 bytes)\n",
    "     [    0.108179] mce: CPU supports 2 MCE banks\n",
    "     [    0.112030] Last level iTLB entries: 4KB 64, 2MB 8, 4MB 8\n",
    "     [    0.116002] Last level dTLB entries: 4KB 64, 2MB 0, 4MB 0, 1GB 4\n",
    "     [    0.124003] Spectre V1 : Mitigation: usercopy/swapgs barriers and __user pointer sanitization\n",
    "     [    0.132004] Spectre V2 : Mitigation: Full generic retpoline\n",
    "     [    0.140002] Spectre V2 : Spectre v2 / SpectreRSB mitigation: Filling RSB on context switch\n",
    "     [    0.148003] Speculative Store Bypass: Vulnerable\n",
    "     [    0.152035] TAA: Vulnerable: Clear CPU buffers attempted, no microcode\n",
    "     [    0.160002] MDS: Vulnerable: Clear CPU buffers attempted, no microcode\n",
    "     [    0.168108] Freeing SMP alternatives memory: 24K\n",
    "     [    0.176187] smpboot: Max logical packages: 4\n",
    "     [    0.180793] x2apic: IRQ remapping doesn't support X2APIC mode\n",
    "     [    0.188002] Switched APIC routing to physical flat.\n",
    "     [    0.194617] ..TIMER: vector=0x30 apic1=0 pin1=2 apic2=0 pin2=0\n",
    "     [    0.242273] clocksource: xen: mask: 0xffffffffffffffff max_cycles: 0x1cd42e4dffb, max_idle_ns: 881590591483 ns\n",
    "     [    0.252008] Xen: using vcpuop timer interface\n",
    "     [    0.252015] installing Xen timer for CPU 0\n",
    "     [    0.256075] smpboot: CPU0: Intel(R) Xeon(R) CPU E5-2686 v4 @ 2.30GHz (family: 0x6, model: 0x4f, stepping: 0x1)\n",
    "     [    0.260032] cpu 0 spinlock event irq 53\n",
    "     [    0.264116] Performance Events: unsupported p6 CPU model 79 no PMU driver, software events only.\n",
    "     [    0.268043] Hierarchical SRCU implementation.\n",
    "     [    0.272302] NMI watchdog: Perf event create on CPU 0 failed with -2\n",
    "     [    0.276004] NMI watchdog: Perf NMI watchdog permanently disabled\n",
    "     [    0.280204] smp: Bringing up secondary CPUs ...\n",
    "     [    0.284108] installing Xen timer for CPU 1\n",
    "     [    0.288062] x86: Booting SMP configuration:\n",
    "     [    0.292004] .... node  #0, CPUs:        #1\n",
    "     [    0.294560] cpu 1 spinlock event irq 59\n",
    "     [    0.300124] installing Xen timer for CPU 2\n",
    "     [    0.304068]   #2\n",
    "     [    0.306627] cpu 2 spinlock event irq 65\n",
    "     [    0.312114] installing Xen timer for CPU 3\n",
    "     [    0.316061]   #3\n",
    "     [    0.318608] cpu 3 spinlock event irq 71\n",
    "     [    0.324113] installing Xen timer for CPU 4\n",
    "     [    0.328056]   #4\n",
    "     [    0.330750] cpu 4 spinlock event irq 77\n",
    "     [    0.336745] MDS CPU bug present and SMT on, data leak possible. See https://www.kernel.org/doc/html/latest/admin-guide/hw-vuln/mds.html for more details.\n",
    "     [    0.340010] TAA CPU bug present and SMT on, data leak possible. See https://www.kernel.org/doc/html/latest/admin-guide/hw-vuln/tsx_async_abort.html for more details.\n",
    "     [    0.344144] installing Xen timer for CPU 5\n",
    "     [    0.348067]   #5\n",
    "     [    0.350627] cpu 5 spinlock event irq 83\n",
    "     [    0.356121] installing Xen timer for CPU 6\n",
    "     [    0.360059]   #6\n",
    "     [    0.362608] cpu 6 spinlock event irq 89\n",
    "     [    0.368107] installing Xen timer for CPU 7\n",
    "     [    0.372055]   #7\n",
    "     [    0.374604] cpu 7 spinlock event irq 95\n",
    "     [    0.380011] smp: Brought up 1 node, 8 CPUs\n",
    "     [    0.384006] smpboot: Total of 8 processors activated (36800.89 BogoMIPS)\n",
    "     [    0.412007] random: fast init done\n",
    "     [    0.588896] node 0 initialised, 14658766 pages in 200ms\n",
    "     [    0.596213] devtmpfs: initialized\n",
    "     [    0.600061] x86/mm: Memory block size: 128MB\n",
    "     [    0.607071] random: get_random_bytes called from setup_net+0x3c/0x140 with crng_init=1\n",
    "     [    0.612118] clocksource: jiffies: mask: 0xffffffff max_cycles: 0xffffffff, max_idle_ns: 7645041785100000 ns\n",
    "     [    0.624021] futex hash table entries: 4096 (order: 6, 262144 bytes)\n",
    "     [    0.628994] NET: Registered protocol family 16\n",
    "     [    0.636250] cpuidle: using governor ladder\n",
    "     [    0.640015] cpuidle: using governor menu\n",
    "     [    0.644078] ACPI: bus type PCI registered\n",
    "     [    0.648006] acpiphp: ACPI Hot Plug PCI Controller Driver version: 0.5\n",
    "     [    0.656508] PCI: Using configuration type 1 for base access\n",
    "     [    0.665477] HugeTLB registered 1.00 GiB page size, pre-allocated 0 pages\n",
    "     [    0.672008] HugeTLB registered 2.00 MiB page size, pre-allocated 0 pages\n",
    "     [    0.676104] ACPI: Added _OSI(Module Device)\n",
    "     [    0.680009] ACPI: Added _OSI(Processor Device)\n",
    "     [    0.688004] ACPI: Added _OSI(3.0 _SCP Extensions)\n",
    "     [    0.692004] ACPI: Added _OSI(Processor Aggregator Device)\n",
    "     [    0.696301] xen: --> pirq=16 -> irq=9 (gsi=9)\n",
    "     [    0.698621] ACPI: Interpreter enabled\n",
    "     [    0.704015] ACPI: (supports S0 S4 S5)\n",
    "     [    0.708004] ACPI: Using IOAPIC for interrupt routing\n",
    "     [    0.712033] PCI: Using host bridge windows from ACPI; if necessary, use \"pci=nocrs\" and report a bug\n",
    "     [    0.720504] ACPI: Enabled 2 GPEs in block 00 to 0F\n",
    "     [    0.792639] ACPI: PCI Root Bridge [PCI0] (domain 0000 [bus 00-ff])\n",
    "     [    0.800011] acpi PNP0A03:00: _OSC: OS supports [ASPM ClockPM Segments MSI]\n",
    "     [    0.804011] acpi PNP0A03:00: _OSC failed (AE_NOT_FOUND); disabling ASPM\n",
    "     [    0.812014] acpi PNP0A03:00: fail to add MMCONFIG information, can't access extended PCI configuration space under this bridge.\n",
    "     [    0.821214] acpiphp: Slot [0] registered\n",
    "     [    0.830005] acpiphp: Slot [3] registered\n",
    "     [    0.832640] acpiphp: Slot [4] registered\n",
    "     [    0.840640] acpiphp: Slot [5] registered\n",
    "     [    0.844643] acpiphp: Slot [6] registered\n",
    "     [    0.848696] acpiphp: Slot [7] registered\n",
    "     [    0.852643] acpiphp: Slot [8] registered\n",
    "     [    0.856605] acpiphp: Slot [9] registered\n",
    "     [    0.864590] acpiphp: Slot [10] registered\n",
    "     [    0.868599] acpiphp: Slot [11] registered\n",
    "     [    0.872637] acpiphp: Slot [12] registered\n",
    "     [    0.875939] acpiphp: Slot [13] registered\n",
    "     [    0.880488] acpiphp: Slot [14] registered\n",
    "     [    0.884000] acpiphp: Slot [15] registered\n",
    "     [    0.888554] acpiphp: Slot [16] registered\n",
    "     [    0.892521] acpiphp: Slot [17] registered\n",
    "     [    0.896504] acpiphp: Slot [18] registered\n",
    "     [    0.900500] acpiphp: Slot [19] registered\n",
    "     [    0.904530] acpiphp: Slot [20] registered\n",
    "     [    0.908468] acpiphp: Slot [21] registered\n",
    "     [    0.912317] acpiphp: Slot [22] registered\n",
    "     [    0.916054] acpiphp: Slot [23] registered\n",
    "     [    0.919957] acpiphp: Slot [24] registered\n",
    "     [    0.924524] acpiphp: Slot [25] registered\n",
    "     [    0.928529] acpiphp: Slot [26] registered\n",
    "     [    0.932498] acpiphp: Slot [27] registered\n",
    "     [    0.936506] acpiphp: Slot [28] registered\n",
    "     [    0.940448] acpiphp: Slot [29] registered\n",
    "     [    0.944808] acpiphp: Slot [30] registered\n",
    "     [    0.948494] acpiphp: Slot [31] registered\n",
    "     [    0.956434] PCI host bridge to bus 0000:00\n",
    "     [    0.960007] pci_bus 0000:00: root bus resource [io  0x0000-0x0cf7 window]\n",
    "     [    0.964008] pci_bus 0000:00: root bus resource [io  0x0d00-0xffff window]\n",
    "     [    0.972009] pci_bus 0000:00: root bus resource [mem 0x000a0000-0x000bffff window]\n",
    "     [    0.976008] pci_bus 0000:00: root bus resource [mem 0x80000000-0xfbffffff window]\n",
    "     [    0.984010] pci_bus 0000:00: root bus resource [mem 0x1000000000-0x1fffffffff window]\n",
    "     [    0.992010] pci_bus 0000:00: root bus resource [bus 00-ff]\n",
    "     [    0.996211] pci 0000:00:00.0: [8086:1237] type 00 class 0x060000\n",
    "     [    0.998749] pci 0000:00:01.0: [8086:7000] type 00 class 0x060100\n",
    "     [    1.002420] pci 0000:00:01.1: [8086:7010] type 00 class 0x010180\n",
    "     [    1.004567] pci 0000:00:01.1: reg 0x20: [io  0xc100-0xc10f]\n",
    "     [    1.005440] pci 0000:00:01.1: legacy IDE quirk: reg 0x10: [io  0x01f0-0x01f7]\n",
    "     [    1.012007] pci 0000:00:01.1: legacy IDE quirk: reg 0x14: [io  0x03f6]\n",
    "     [    1.016007] pci 0000:00:01.1: legacy IDE quirk: reg 0x18: [io  0x0170-0x0177]\n",
    "     [    1.024008] pci 0000:00:01.1: legacy IDE quirk: reg 0x1c: [io  0x0376]\n",
    "     [    1.032921] pci 0000:00:01.3: [8086:7113] type 00 class 0x068000\n",
    "     [    1.032970] * Found PM-Timer Bug on the chipset. Due to workarounds for a bug,\n",
    "     * this clock source is slow. Consider trying other clock sources\n",
    "     [    1.046205] pci 0000:00:01.3: quirk: [io  0xb000-0xb03f] claimed by PIIX4 ACPI\n",
    "     [    1.053306] pci 0000:00:02.0: [1013:00b8] type 00 class 0x030000\n",
    "     [    1.053922] pci 0000:00:02.0: reg 0x10: [mem 0x80000000-0x81ffffff pref]\n",
    "     [    1.054246] pci 0000:00:02.0: reg 0x14: [mem 0x86004000-0x86004fff]\n",
    "     [    1.057334] pci 0000:00:03.0: [1d0f:ec20] type 00 class 0x020000\n",
    "     [    1.058394] pci 0000:00:03.0: reg 0x10: [mem 0x86000000-0x86003fff]\n",
    "     [    1.066648] pci 0000:00:1e.0: [10de:1db1] type 00 class 0x030200\n",
    "     [    1.067792] pci 0000:00:1e.0: reg 0x10: [mem 0x84000000-0x84ffffff]\n",
    "     [    1.068508] pci 0000:00:1e.0: reg 0x14: [mem 0x1000000000-0x13ffffffff 64bit pref]\n",
    "     [    1.069321] pci 0000:00:1e.0: reg 0x1c: [mem 0x82000000-0x83ffffff 64bit pref]\n",
    "     [    1.070593] pci 0000:00:1e.0: enabling Extended Tags\n",
    "     [    1.079222] pci 0000:00:1f.0: [5853:0001] type 00 class 0xff8000\n",
    "     [    1.080071] pci 0000:00:1f.0: reg 0x10: [io  0xc000-0xc0ff]\n",
    "     [    1.080524] pci 0000:00:1f.0: reg 0x14: [mem 0x85000000-0x85ffffff pref]\n",
    "     [    1.084019] ACPI: PCI Interrupt Link [LNKA] (IRQs *5 10 11)\n",
    "     [    1.088241] ACPI: PCI Interrupt Link [LNKB] (IRQs 5 *10 11)\n",
    "     [    1.096236] ACPI: PCI Interrupt Link [LNKC] (IRQs 5 10 *11)\n",
    "     [    1.100244] ACPI: PCI Interrupt Link [LNKD] (IRQs *5 10 11)\n",
    "     [    1.128063] xen:balloon: Initialising balloon driver\n",
    "     [    1.132074] pci 0000:00:02.0: vgaarb: setting as boot VGA device\n",
    "     [    1.136000] pci 0000:00:02.0: vgaarb: VGA device added: decodes=io+mem,owns=io+mem,locks=none\n",
    "     [    1.144009] pci 0000:00:02.0: vgaarb: bridge control possible\n",
    "     [    1.152004] vgaarb: loaded\n",
    "     [    1.156074] EDAC MC: Ver: 3.0.0\n",
    "     [    1.160029] PCI: Using ACPI for IRQ routing\n",
    "     [    1.164012] PCI: pci_cache_line_size set to 64 bytes\n",
    "     [    1.165654] e820: reserve RAM buffer [mem 0x0009e000-0x0009ffff]\n",
    "     [    1.165746] NetLabel: Initializing\n",
    "     [    1.168005] NetLabel:  domain hash size = 128\n",
    "     [    1.171346] NetLabel:  protocols = UNLABELED CIPSOv4 CALIPSO\n",
    "     [    1.176019] NetLabel:  unlabeled traffic allowed by default\n",
    "     [    1.184080] HPET: 3 timers in total, 0 timers will be used for per-cpu timer\n",
    "     [    1.188018] hpet0: at MMIO 0xfed00000, IRQs 2, 8, 0\n",
    "     [    1.196005] hpet0: 3 comparators, 64-bit 62.500000 MHz counter\n",
    "     [    1.202045] clocksource: Switched to clocksource xen\n",
    "     [    1.212981] VFS: Disk quotas dquot_6.6.0\n",
    "     [    1.216783] VFS: Dquot-cache hash table entries: 512 (order 0, 4096 bytes)\n",
    "     [    1.222733] pnp: PnP ACPI init\n",
    "     [    1.225870] system 00:00: [mem 0x00000000-0x0009ffff] could not be reserved\n",
    "     [    1.232011] system 00:00: Plug and Play ACPI device, IDs PNP0c02 (active)\n",
    "     [    1.232109] system 00:01: [io  0x08a0-0x08a3] has been reserved\n",
    "     [    1.237441] system 00:01: [io  0x0cc0-0x0ccf] has been reserved\n",
    "     [    1.242812] system 00:01: [io  0x04d0-0x04d1] has been reserved\n",
    "     [    1.247936] system 00:01: Plug and Play ACPI device, IDs PNP0c02 (active)\n",
    "     [    1.247967] xen: --> pirq=17 -> irq=8 (gsi=8)\n",
    "     [    1.247989] pnp 00:02: Plug and Play ACPI device, IDs PNP0b00 (active)\n",
    "     [    1.248015] xen: --> pirq=18 -> irq=12 (gsi=12)\n",
    "     [    1.248028] pnp 00:03: Plug and Play ACPI device, IDs PNP0f13 (active)\n",
    "     [    1.248044] xen: --> pirq=19 -> irq=1 (gsi=1)\n",
    "     [    1.248063] pnp 00:04: Plug and Play ACPI device, IDs PNP0303 PNP030b (active)\n",
    "     [    1.248098] xen: --> pirq=20 -> irq=6 (gsi=6)\n",
    "     [    1.248100] pnp 00:05: [dma 2]\n",
    "     [    1.248113] pnp 00:05: Plug and Play ACPI device, IDs PNP0700 (active)\n",
    "     [    1.248138] xen: --> pirq=21 -> irq=4 (gsi=4)\n",
    "     [    1.248152] pnp 00:06: Plug and Play ACPI device, IDs PNP0501 (active)\n",
    "     [    1.248192] system 00:07: [io  0x10c0-0x1141] has been reserved\n",
    "     [    1.253412] system 00:07: [io  0xb044-0xb047] has been reserved\n",
    "     [    1.258664] system 00:07: Plug and Play ACPI device, IDs PNP0c02 (active)\n",
    "     [    1.280833] pnp: PnP ACPI: found 8 devices\n",
    "     [    1.291844] clocksource: acpi_pm: mask: 0xffffff max_cycles: 0xffffff, max_idle_ns: 2085701024 ns\n",
    "     [    1.299155] pci_bus 0000:00: resource 4 [io  0x0000-0x0cf7 window]\n",
    "     [    1.299156] pci_bus 0000:00: resource 5 [io  0x0d00-0xffff window]\n",
    "     [    1.299157] pci_bus 0000:00: resource 6 [mem 0x000a0000-0x000bffff window]\n",
    "     [    1.299158] pci_bus 0000:00: resource 7 [mem 0x80000000-0xfbffffff window]\n",
    "     [    1.299160] pci_bus 0000:00: resource 8 [mem 0x1000000000-0x1fffffffff window]\n",
    "     [    1.299313] NET: Registered protocol family 2\n",
    "     [    1.303468] TCP established hash table entries: 524288 (order: 10, 4194304 bytes)\n",
    "     [    1.310529] TCP bind hash table entries: 65536 (order: 8, 1048576 bytes)\n",
    "     [    1.316352] TCP: Hash tables configured (established 524288 bind 65536)\n",
    "     [    1.321912] UDP hash table entries: 32768 (order: 8, 1048576 bytes)\n",
    "     [    1.327334] UDP-Lite hash table entries: 32768 (order: 8, 1048576 bytes)\n",
    "     [    1.333075] NET: Registered protocol family 1\n",
    "     [    1.336996] pci 0000:00:00.0: Limiting direct PCI/PCI transfers\n",
    "     [    1.341822] pci 0000:00:01.0: PIIX3: Enabling Passive Release\n",
    "     [    1.346760] pci 0000:00:01.0: Activating ISA DMA hang workarounds\n",
    "     [    1.352043] pci 0000:00:02.0: Video device with shadowed ROM at [mem 0x000c0000-0x000dffff]\n",
    "     [    1.360256] PCI: CLS 0 bytes, default 64\n",
    "     [    1.360316] Unpacking initramfs...\n",
    "     [    1.606404] Freeing initrd memory: 15812K\n",
    "     [    1.610298] PCI-DMA: Using software bounce buffering for IO (SWIOTLB)\n",
    "     [    1.615976] software IO TLB: mapped [mem 0x7c000000-0x80000000] (64MB)\n",
    "     [    1.623641] audit: initializing netlink subsys (disabled)\n",
    "     [    1.628613] audit: type=2000 audit(1581970985.757:1): state=initialized audit_enabled=0 res=1\n",
    "     [    1.628867] Initialise system trusted keyrings\n",
    "     [    1.640295] Key type blacklist registered\n",
    "     [    1.644213] workingset: timestamp_bits=36 max_order=24 bucket_order=0\n",
    "     [    1.651271] zbud: loaded\n",
    "     [    1.915587] Key type asymmetric registered\n",
    "     [    1.919502] Asymmetric key parser 'x509' registered\n",
    "     [    1.923870] Block layer SCSI generic (bsg) driver version 0.4 loaded (major 253)\n",
    "     [    1.930591] io scheduler noop registered (default)\n",
    "     [    1.935139] intel_idle: Please enable MWAIT in BIOS SETUP\n",
    "     [    1.935894] xen: --> pirq=22 -> irq=47 (gsi=47)\n",
    "     [    1.936005] xen:grant_table: Grant tables using version 1 layout\n",
    "     [    1.941244] Grant table initialized\n",
    "     [    1.944741] Cannot get hvm parameter CONSOLE_EVTCHN (18): -22!\n",
    "     [    1.949806] Serial: 8250/16550 driver, 4 ports, IRQ sharing disabled\n",
    "     [    1.985560] 00:06: ttyS0 at I/O 0x3f8 (irq = 4, base_baud = 115200) is a 16550A\n",
    "     [    1.993438] xen_netfront: Initialising Xen virtual ethernet driver\n",
    "     [    1.999337] i8042: PNP: PS/2 Controller [PNP0303:PS2K,PNP0f13:PS2M] at 0x60,0x64 irq 1,12\n",
    "     [    2.010896] serio: i8042 KBD port at 0x60,0x64 irq 1\n",
    "     [    2.016950] serio: i8042 AUX port at 0x60,0x64 irq 12\n",
    "     [    2.023645] rtc_cmos 00:02: rtc core: registered rtc_cmos as rtc0\n",
    "     [    2.024724] input: AT Translated Set 2 keyboard as /devices/platform/i8042/serio0/input/input0\n",
    "     [    2.030488] rtc_cmos 00:02: alarms up to one day, 114 bytes nvram, hpet irqs\n",
    "     [    2.048042] intel_pstate: Intel P-state driver initializing\n",
    "     [    2.055539] hidraw: raw HID events driver (C) Jiri Kosina\n",
    "     [    2.061895] NET: Registered protocol family 17\n",
    "     [    2.067749] sched_clock: Marking stable (2067706950, 0)->(3025207409, -957500459)\n",
    "     [    2.077943] registered taskstats version 1\n",
    "     [    2.082784] Loading compiled-in X.509 certificates\n",
    "     [    2.088713] zswap: loaded using pool lzo/zbud\n",
    "     [    2.096172] xenbus_probe_frontend: Device with no driver: device/vbd/51712\n",
    "     [    2.102898] xenbus_probe_frontend: Device with no driver: device/pci/0\n",
    "     [    2.108872] rtc_cmos 00:02: setting system clock to 2020-02-17 20:23:06 UTC (1581970986)\n",
    "     [    2.116343] Freeing unused kernel memory: 2048K\n",
    "     [    2.136084] Write protecting the kernel read-only data: 14336k\n",
    "     [    2.145118] Freeing unused kernel memory: 2016K\n",
    "     [    2.153529] Freeing unused kernel memory: 1392K\n",
    "     [    2.180126] device-mapper: uevent: version 1.0.3\n",
    "     [    2.185785] device-mapper: ioctl: 4.37.0-ioctl (2017-09-20) initialised: dm-devel@redhat.com\n",
    "     [    2.201306] udevd[948]: starting version 173\n",
    "     [    2.213625] random: crng init done\n",
    "     [    2.237079] SCSI subsystem initialized\n",
    "     [    2.249620] libata version 3.00 loaded.\n",
    "     [    2.250418] ata_piix 0000:00:01.1: version 2.13\n",
    "     [    2.251965] scsi host0: ata_piix\n",
    "     [    2.257573] scsi host1: ata_piix\n",
    "     [    2.262218] ata1: PATA max MWDMA2 cmd 0x1f0 ctl 0x3f6 bmdma 0xc100 irq 14\n",
    "     [    2.270393] ata2: PATA max MWDMA2 cmd 0x170 ctl 0x376 bmdma 0xc108 irq 15\n",
    "     [    2.285185] blkfront: xvda: barrier or flush: disabled; persistent grants: enabled; indirect descriptors: enabled;\n",
    "     [    2.299997]  xvda: xvda1\n",
    "     [    2.508875] EXT4-fs (xvda1): mounted filesystem with ordered data mode. Opts: (null)\n",
    "     [    2.548832] dracut: Remounting /dev/disk/by-label/\\x2f with -o noatime,ro\n",
    "     [    2.556724] EXT4-fs (xvda1): mounted filesystem with ordered data mode. Opts: (null)\n",
    "     [    2.564219] dracut: Mounted root filesystem /dev/xvda1\n",
    "     [    2.609529] dracut: Switching root\n",
    "     [    2.652082] tsc: Refined TSC clocksource calibration: 2299.999 MHz\n",
    "     [    2.658488] clocksource: tsc: mask: 0xffffffffffffffff max_cycles: 0x2127345424d, max_idle_ns: 440795318347 ns\n",
    "     [    2.860433] udevd[2191]: starting version 173\n",
    "     [    2.900660] input: Power Button as /devices/LNXSYSTM:00/LNXPWRBN:00/input/input3\n",
    "     [    2.909948] ACPI: Power Button [PWRF]\n",
    "     [    2.914662] input: Sleep Button as /devices/LNXSYSTM:00/LNXSLPBN:00/input/input4\n",
    "     [    2.923923] ACPI: Sleep Button [SLPF]\n",
    "     [    2.930616] ena: Elastic Network Adapter (ENA) v2.1.3g\n",
    "     [    2.942802] ena 0000:00:03.0: Elastic Network Adapter (ENA) v2.1.3g\n",
    "     [    2.984315] ena: ena device version: 0.10\n",
    "     [    2.988944] ena: ena controller version: 0.0.1 implementation version 1\n",
    "     [    3.010968] input: ImExPS/2 Generic Explorer Mouse as /devices/platform/i8042/serio1/input/input5\n",
    "     [    3.145329] nvidia: loading out-of-tree module taints kernel.\n",
    "     [    3.151230] nvidia: module license 'NVIDIA' taints kernel.\n",
    "     [    3.156852] Disabling lock debugging due to kernel taint\n",
    "     [    3.176079] ena 0000:00:03.0: LLQ is not supported Fallback to host mode policy.\n",
    "     [    3.188723] ena 0000:00:03.0: Elastic Network Adapter (ENA) found at mem 86000000, mac addr 06:7f:5e:a8:e8:d0\n",
    "     [    3.314330] nvidia-nvlink: Nvlink Core is being initialized, major device number 250\n",
    "     [    3.430300] xen: --> pirq=40 -> irq=43 (gsi=43)\n",
    "     [    3.472942] NVRM: loading NVIDIA UNIX x86_64 Kernel Module  418.87.01  Wed Sep 25 06:00:38 UTC 2019\n",
    "     [    4.069984] mousedev: PS/2 mouse device common for all mice\n",
    "     [    5.182327] EXT4-fs (xvda1): re-mounted. Opts: (null)\n",
    "     [    7.306339] NVRM: Persistence mode is deprecated and will be removed in a future release. Please use nvidia-persistenced instead.\n",
    "     [    7.363502] NET: Registered protocol family 10\n",
    "     [    7.372787] Segment Routing with IPv6\n",
    "     [    7.522789] ena 0000:00:03.0 eth0: creating 8 io queues. rx queue size: 1024 tx queue size. 1024 LLQ is DISABLED\n",
    "     [   12.705112] bridge: filtering via arp/ip/ip6tables is no longer available by default. Update your scripts to load br_netfilter if you need this.\n",
    "     [   12.715765] Bridge firewalling registered\n",
    "     [   12.725818] nf_conntrack version 0.5.0 (65536 buckets, 262144 max)\n",
    "     [   12.748243] ip_tables: (C) 2000-2006 Netfilter Core Team\n",
    "     [   12.911181] Initializing XFRM netlink socket\n",
    "     [   12.918786] Netfilter messages via NETLINK v0.30.\n",
    "     [   12.924748] ctnetlink v0.93: registering with nfnetlink.\n",
    "     [   13.122333] IPv6: ADDRCONF(NETDEV_UP): docker0: link is not ready\n",
    "     [  866.503605] nvidia-uvm: Loaded the UVM driver in 8 mode, major device number 248\n",
    "     [ec2-user@ip-172-30-0-12 ~]$\n",
    " "
   ]
  },
  {
   "cell_type": "markdown",
   "metadata": {},
   "source": [
    "# The confusion\n",
    "\n",
    "Now I'm utterly confused.  We have cuda libraries up to 10 but julia is unable to link to it.\n",
    "\n",
    "\n",
    "     [ec2-user@ip-172-30-0-12 ~]$ ls -l  /usr/local/cuda\n",
    "     lrwxrwxrwx 1 root root 21 Nov 22 02:40 /usr/local/cuda -> /usr/local/cuda-10.0/\n",
    "     [ec2-user@ip-172-30-0-12 ~]$ \n",
    "     \n",
    "Can also find the toolkit when looking from the inside of Julia\n",
    "\n"
   ]
  },
  {
   "cell_type": "code",
   "execution_count": 1,
   "metadata": {},
   "outputs": [
    {
     "data": {
      "text/plain": [
       "6-element Array{String,1}:\n",
       " \"/usr/local/cuda-10.0/\"\n",
       " \"/usr/local/cuda-10.1\" \n",
       " \"/usr/local/cuda-10.0\" \n",
       " \"/usr/local/cuda-9.2\"  \n",
       " \"/usr/local/cuda-9.0\"  \n",
       " \"/usr/local/cuda-8.0\"  "
      ]
     },
     "execution_count": 1,
     "metadata": {},
     "output_type": "execute_result"
    }
   ],
   "source": [
    "using CUDAapi\n",
    "CUDAapi.find_toolkit()\n"
   ]
  },
  {
   "cell_type": "markdown",
   "metadata": {},
   "source": [
    "So therefore it is very confusing when this happens:\n",
    "## Testing CuArrays"
   ]
  },
  {
   "cell_type": "code",
   "execution_count": 2,
   "metadata": {
    "scrolled": true
   },
   "outputs": [
    {
     "name": "stdout",
     "output_type": "stream",
     "text": [
      "\u001b[32m\u001b[1m  Updating\u001b[22m\u001b[39m registry at `~/.julia/registries/General`\n",
      "\u001b[32m\u001b[1m  Updating\u001b[22m\u001b[39m git-repo `https://github.com/JuliaRegistries/General.git`\n",
      "\u001b[2K\u001b[?25h[1mFetching:\u001b[22m\u001b[39m [========================================>]  100.0 %.0 %\u001b[32m\u001b[1m Resolving\u001b[22m\u001b[39m package versions...\n",
      "\u001b[32m\u001b[1m  Updating\u001b[22m\u001b[39m `~/.julia/environments/v1.3/Project.toml`\n",
      "\u001b[90m [no changes]\u001b[39m\n",
      "\u001b[32m\u001b[1m  Updating\u001b[22m\u001b[39m `~/.julia/environments/v1.3/Manifest.toml`\n",
      "\u001b[90m [no changes]\u001b[39m\n"
     ]
    },
    {
     "name": "stderr",
     "output_type": "stream",
     "text": [
      "┌ Warning: CuArrays.jl only supports CUDNN v7.6 or higher\n",
      "└ @ CuArrays /home/ec2-user/.julia/packages/CuArrays/HE8G6/src/CuArrays.jl:121\n"
     ]
    }
   ],
   "source": [
    "using Pkg\n",
    "Pkg.add(\"CuArrays\")\n",
    "using CuArrays"
   ]
  },
  {
   "cell_type": "markdown",
   "metadata": {},
   "source": [
    "Taking a page from https://juliagpu.gitlab.io/CUDA.jl/ to see if we can get more insight"
   ]
  },
  {
   "cell_type": "code",
   "execution_count": 3,
   "metadata": {},
   "outputs": [
    {
     "name": "stdout",
     "output_type": "stream",
     "text": [
      "\u001b[32m\u001b[1m Resolving\u001b[22m\u001b[39m package versions...\n",
      "\u001b[32m\u001b[1m  Updating\u001b[22m\u001b[39m `~/.julia/environments/v1.3/Project.toml`\n",
      "\u001b[90m [no changes]\u001b[39m\n",
      "\u001b[32m\u001b[1m  Updating\u001b[22m\u001b[39m `~/.julia/environments/v1.3/Manifest.toml`\n",
      "\u001b[90m [no changes]\u001b[39m\n",
      "\u001b[32m\u001b[1m   Testing\u001b[22m\u001b[39m CUDAdrv\n",
      "\u001b[32m\u001b[1m Resolving\u001b[22m\u001b[39m package versions...\n",
      "\u001b[32m\u001b[1m    Status\u001b[22m\u001b[39m `/tmp/jl_LxQnYq/Manifest.toml`\n",
      " \u001b[90m [fa961155]\u001b[39m\u001b[37m CEnum v0.2.0\u001b[39m\n",
      " \u001b[90m [3895d2a7]\u001b[39m\u001b[37m CUDAapi v3.1.0\u001b[39m\n",
      " \u001b[90m [c5f51814]\u001b[39m\u001b[37m CUDAdrv v6.0.0\u001b[39m\n",
      " \u001b[90m [2a0f44e3]\u001b[39m\u001b[37m Base64  [`@stdlib/Base64`]\u001b[39m\n",
      " \u001b[90m [8ba89e20]\u001b[39m\u001b[37m Distributed  [`@stdlib/Distributed`]\u001b[39m\n",
      " \u001b[90m [b77e0a4c]\u001b[39m\u001b[37m InteractiveUtils  [`@stdlib/InteractiveUtils`]\u001b[39m\n",
      " \u001b[90m [8f399da3]\u001b[39m\u001b[37m Libdl  [`@stdlib/Libdl`]\u001b[39m\n",
      " \u001b[90m [56ddb016]\u001b[39m\u001b[37m Logging  [`@stdlib/Logging`]\u001b[39m\n",
      " \u001b[90m [d6f4376e]\u001b[39m\u001b[37m Markdown  [`@stdlib/Markdown`]\u001b[39m\n",
      " \u001b[90m [de0858da]\u001b[39m\u001b[37m Printf  [`@stdlib/Printf`]\u001b[39m\n",
      " \u001b[90m [9a3f8284]\u001b[39m\u001b[37m Random  [`@stdlib/Random`]\u001b[39m\n",
      " \u001b[90m [9e88b42a]\u001b[39m\u001b[37m Serialization  [`@stdlib/Serialization`]\u001b[39m\n",
      " \u001b[90m [6462fe0b]\u001b[39m\u001b[37m Sockets  [`@stdlib/Sockets`]\u001b[39m\n",
      " \u001b[90m [8dfed614]\u001b[39m\u001b[37m Test  [`@stdlib/Test`]\u001b[39m\n",
      " \u001b[90m [4ec0a83e]\u001b[39m\u001b[37m Unicode  [`@stdlib/Unicode`]\u001b[39m\n"
     ]
    },
    {
     "name": "stderr",
     "output_type": "stream",
     "text": [
      "[ Info: Testing using device Tesla V100-SXM2-16GB (compute capability 7.0.0, 14.752 GiB available memory) on CUDA driver 10.1.0\n",
      "┌ Warning: Calling CUDAdrv.@profile only informs an external profiler to start.\n",
      "│ The user is responsible for launching Julia under a CUDA profiler like `nvprof`.\n",
      "│ \n",
      "│ For improved usability, launch Julia under the Nsight Systems profiler:\n",
      "│ $ nsys launch -t cuda,cublas,cudnn,nvtx julia\n",
      "└ @ CUDAdrv.Profile ~/.julia/packages/CUDAdrv/b1mvw/src/profile.jl:42\n"
     ]
    },
    {
     "name": "stdout",
     "output_type": "stream",
     "text": [
      "Test Summary: | Pass  Total\n",
      "CUDAdrv       |  134    134\n",
      "\u001b[32m\u001b[1m   Testing\u001b[22m\u001b[39m CUDAdrv tests passed \n",
      "\u001b[32m\u001b[1m   Testing\u001b[22m\u001b[39m CUDAnative\n",
      "\u001b[32m\u001b[1m Resolving\u001b[22m\u001b[39m package versions...\n",
      "\u001b[32m\u001b[1m    Status\u001b[22m\u001b[39m `/tmp/jl_c6y597/Manifest.toml`\n",
      " \u001b[90m [621f4979]\u001b[39m\u001b[37m AbstractFFTs v0.5.0\u001b[39m\n",
      " \u001b[90m [79e6a3ab]\u001b[39m\u001b[37m Adapt v1.0.1\u001b[39m\n",
      " \u001b[90m [b99e7846]\u001b[39m\u001b[37m BinaryProvider v0.5.8\u001b[39m\n",
      " \u001b[90m [fa961155]\u001b[39m\u001b[37m CEnum v0.2.0\u001b[39m\n",
      " \u001b[90m [3895d2a7]\u001b[39m\u001b[37m CUDAapi v3.1.0\u001b[39m\n",
      " \u001b[90m [c5f51814]\u001b[39m\u001b[37m CUDAdrv v6.0.0\u001b[39m\n",
      " \u001b[90m [be33ccc6]\u001b[39m\u001b[37m CUDAnative v2.10.2\u001b[39m\n",
      " \u001b[90m [3a865a2d]\u001b[39m\u001b[37m CuArrays v1.7.2\u001b[39m\n",
      " \u001b[90m [864edb3b]\u001b[39m\u001b[37m DataStructures v0.17.9\u001b[39m\n",
      " \u001b[90m [0c68f7d7]\u001b[39m\u001b[37m GPUArrays v2.0.1\u001b[39m\n",
      " \u001b[90m [929cbde3]\u001b[39m\u001b[37m LLVM v1.3.3\u001b[39m\n",
      " \u001b[90m [1914dd2f]\u001b[39m\u001b[37m MacroTools v0.5.4\u001b[39m\n",
      " \u001b[90m [872c559c]\u001b[39m\u001b[37m NNlib v0.6.4\u001b[39m\n",
      " \u001b[90m [bac558e1]\u001b[39m\u001b[37m OrderedCollections v1.1.0\u001b[39m\n",
      " \u001b[90m [ae029012]\u001b[39m\u001b[37m Requires v1.0.1\u001b[39m\n",
      " \u001b[90m [a759f4b9]\u001b[39m\u001b[37m TimerOutputs v0.5.3\u001b[39m\n",
      " \u001b[90m [2a0f44e3]\u001b[39m\u001b[37m Base64  [`@stdlib/Base64`]\u001b[39m\n",
      " \u001b[90m [8ba89e20]\u001b[39m\u001b[37m Distributed  [`@stdlib/Distributed`]\u001b[39m\n",
      " \u001b[90m [b77e0a4c]\u001b[39m\u001b[37m InteractiveUtils  [`@stdlib/InteractiveUtils`]\u001b[39m\n",
      " \u001b[90m [8f399da3]\u001b[39m\u001b[37m Libdl  [`@stdlib/Libdl`]\u001b[39m\n",
      " \u001b[90m [37e2e46d]\u001b[39m\u001b[37m LinearAlgebra  [`@stdlib/LinearAlgebra`]\u001b[39m\n",
      " \u001b[90m [56ddb016]\u001b[39m\u001b[37m Logging  [`@stdlib/Logging`]\u001b[39m\n",
      " \u001b[90m [d6f4376e]\u001b[39m\u001b[37m Markdown  [`@stdlib/Markdown`]\u001b[39m\n",
      " \u001b[90m [de0858da]\u001b[39m\u001b[37m Printf  [`@stdlib/Printf`]\u001b[39m\n",
      " \u001b[90m [9a3f8284]\u001b[39m\u001b[37m Random  [`@stdlib/Random`]\u001b[39m\n",
      " \u001b[90m [ea8e919c]\u001b[39m\u001b[37m SHA  [`@stdlib/SHA`]\u001b[39m\n",
      " \u001b[90m [9e88b42a]\u001b[39m\u001b[37m Serialization  [`@stdlib/Serialization`]\u001b[39m\n",
      " \u001b[90m [6462fe0b]\u001b[39m\u001b[37m Sockets  [`@stdlib/Sockets`]\u001b[39m\n",
      " \u001b[90m [2f01184e]\u001b[39m\u001b[37m SparseArrays  [`@stdlib/SparseArrays`]\u001b[39m\n",
      " \u001b[90m [10745b16]\u001b[39m\u001b[37m Statistics  [`@stdlib/Statistics`]\u001b[39m\n",
      " \u001b[90m [8dfed614]\u001b[39m\u001b[37m Test  [`@stdlib/Test`]\u001b[39m\n",
      " \u001b[90m [cf7118a7]\u001b[39m\u001b[37m UUIDs  [`@stdlib/UUIDs`]\u001b[39m\n",
      " \u001b[90m [4ec0a83e]\u001b[39m\u001b[37m Unicode  [`@stdlib/Unicode`]\u001b[39m\n"
     ]
    },
    {
     "name": "stderr",
     "output_type": "stream",
     "text": [
      "┌ Warning: CuArrays.jl only supports CUDNN v7.6 or higher\n",
      "└ @ CuArrays ~/.julia/packages/CuArrays/HE8G6/src/CuArrays.jl:121\n",
      "[ Info: Testing using device Tesla V100-SXM2-16GB (compute capability 7.0.0, 14.464 GiB available memory) on CUDA driver 10.1.0 and toolkit 10.0.130\n"
     ]
    },
    {
     "name": "stdout",
     "output_type": "stream",
     "text": [
      "Test Summary: | Pass  Total\n",
      "CUDAnative    |  524    524\n",
      "\u001b[32m\u001b[1m   Testing\u001b[22m\u001b[39m CUDAnative tests passed \n",
      "\u001b[32m\u001b[1m   Testing\u001b[22m\u001b[39m CuArrays\n",
      "\u001b[32m\u001b[1m Resolving\u001b[22m\u001b[39m package versions...\n",
      "\u001b[32m\u001b[1m    Status\u001b[22m\u001b[39m `/tmp/jl_tEya0v/Manifest.toml`\n",
      " \u001b[90m [621f4979]\u001b[39m\u001b[37m AbstractFFTs v0.5.0\u001b[39m\n",
      " \u001b[90m [79e6a3ab]\u001b[39m\u001b[37m Adapt v1.0.1\u001b[39m\n",
      " \u001b[90m [b99e7846]\u001b[39m\u001b[37m BinaryProvider v0.5.8\u001b[39m\n",
      " \u001b[90m [fa961155]\u001b[39m\u001b[37m CEnum v0.2.0\u001b[39m\n",
      " \u001b[90m [3895d2a7]\u001b[39m\u001b[37m CUDAapi v3.1.0\u001b[39m\n",
      " \u001b[90m [c5f51814]\u001b[39m\u001b[37m CUDAdrv v6.0.0\u001b[39m\n",
      " \u001b[90m [be33ccc6]\u001b[39m\u001b[37m CUDAnative v2.10.2\u001b[39m\n",
      " \u001b[90m [bbf7d656]\u001b[39m\u001b[37m CommonSubexpressions v0.2.0\u001b[39m\n",
      " \u001b[90m [3a865a2d]\u001b[39m\u001b[37m CuArrays v1.7.2\u001b[39m\n",
      " \u001b[90m [864edb3b]\u001b[39m\u001b[37m DataStructures v0.17.9\u001b[39m\n",
      " \u001b[90m [163ba53b]\u001b[39m\u001b[37m DiffResults v1.0.2\u001b[39m\n",
      " \u001b[90m [b552c78f]\u001b[39m\u001b[37m DiffRules v1.0.1\u001b[39m\n",
      " \u001b[90m [7a1cc6ca]\u001b[39m\u001b[37m FFTW v1.2.0\u001b[39m\n",
      " \u001b[90m [f5851436]\u001b[39m\u001b[37m FFTW_jll v3.3.9+3\u001b[39m\n",
      " \u001b[90m [1a297f60]\u001b[39m\u001b[37m FillArrays v0.8.4\u001b[39m\n",
      " \u001b[90m [f6369f11]\u001b[39m\u001b[37m ForwardDiff v0.10.9\u001b[39m\n",
      " \u001b[90m [0c68f7d7]\u001b[39m\u001b[37m GPUArrays v2.0.1\u001b[39m\n",
      " \u001b[90m [1d5cc7b8]\u001b[39m\u001b[37m IntelOpenMP_jll v2018.0.3+0\u001b[39m\n",
      " \u001b[90m [929cbde3]\u001b[39m\u001b[37m LLVM v1.3.3\u001b[39m\n",
      " \u001b[90m [856f044c]\u001b[39m\u001b[37m MKL_jll v2019.0.117+2\u001b[39m\n",
      " \u001b[90m [1914dd2f]\u001b[39m\u001b[37m MacroTools v0.5.4\u001b[39m\n",
      " \u001b[90m [872c559c]\u001b[39m\u001b[37m NNlib v0.6.4\u001b[39m\n",
      " \u001b[90m [77ba4419]\u001b[39m\u001b[37m NaNMath v0.3.3\u001b[39m\n",
      " \u001b[90m [efe28fd5]\u001b[39m\u001b[37m OpenSpecFun_jll v0.5.3+1\u001b[39m\n",
      " \u001b[90m [bac558e1]\u001b[39m\u001b[37m OrderedCollections v1.1.0\u001b[39m\n",
      " \u001b[90m [189a3867]\u001b[39m\u001b[37m Reexport v0.2.0\u001b[39m\n",
      " \u001b[90m [ae029012]\u001b[39m\u001b[37m Requires v1.0.1\u001b[39m\n",
      " \u001b[90m [276daf66]\u001b[39m\u001b[37m SpecialFunctions v0.10.0\u001b[39m\n",
      " \u001b[90m [90137ffa]\u001b[39m\u001b[37m StaticArrays v0.12.1\u001b[39m\n",
      " \u001b[90m [a759f4b9]\u001b[39m\u001b[37m TimerOutputs v0.5.3\u001b[39m\n",
      " \u001b[90m [2a0f44e3]\u001b[39m\u001b[37m Base64  [`@stdlib/Base64`]\u001b[39m\n",
      " \u001b[90m [ade2ca70]\u001b[39m\u001b[37m Dates  [`@stdlib/Dates`]\u001b[39m\n",
      " \u001b[90m [8ba89e20]\u001b[39m\u001b[37m Distributed  [`@stdlib/Distributed`]\u001b[39m\n",
      " \u001b[90m [b77e0a4c]\u001b[39m\u001b[37m InteractiveUtils  [`@stdlib/InteractiveUtils`]\u001b[39m\n",
      " \u001b[90m [76f85450]\u001b[39m\u001b[37m LibGit2  [`@stdlib/LibGit2`]\u001b[39m\n",
      " \u001b[90m [8f399da3]\u001b[39m\u001b[37m Libdl  [`@stdlib/Libdl`]\u001b[39m\n",
      " \u001b[90m [37e2e46d]\u001b[39m\u001b[37m LinearAlgebra  [`@stdlib/LinearAlgebra`]\u001b[39m\n",
      " \u001b[90m [56ddb016]\u001b[39m\u001b[37m Logging  [`@stdlib/Logging`]\u001b[39m\n",
      " \u001b[90m [d6f4376e]\u001b[39m\u001b[37m Markdown  [`@stdlib/Markdown`]\u001b[39m\n",
      " \u001b[90m [44cfe95a]\u001b[39m\u001b[37m Pkg  [`@stdlib/Pkg`]\u001b[39m\n",
      " \u001b[90m [de0858da]\u001b[39m\u001b[37m Printf  [`@stdlib/Printf`]\u001b[39m\n",
      " \u001b[90m [3fa0cd96]\u001b[39m\u001b[37m REPL  [`@stdlib/REPL`]\u001b[39m\n",
      " \u001b[90m [9a3f8284]\u001b[39m\u001b[37m Random  [`@stdlib/Random`]\u001b[39m\n",
      " \u001b[90m [ea8e919c]\u001b[39m\u001b[37m SHA  [`@stdlib/SHA`]\u001b[39m\n",
      " \u001b[90m [9e88b42a]\u001b[39m\u001b[37m Serialization  [`@stdlib/Serialization`]\u001b[39m\n",
      " \u001b[90m [6462fe0b]\u001b[39m\u001b[37m Sockets  [`@stdlib/Sockets`]\u001b[39m\n",
      " \u001b[90m [2f01184e]\u001b[39m\u001b[37m SparseArrays  [`@stdlib/SparseArrays`]\u001b[39m\n",
      " \u001b[90m [10745b16]\u001b[39m\u001b[37m Statistics  [`@stdlib/Statistics`]\u001b[39m\n",
      " \u001b[90m [8dfed614]\u001b[39m\u001b[37m Test  [`@stdlib/Test`]\u001b[39m\n",
      " \u001b[90m [cf7118a7]\u001b[39m\u001b[37m UUIDs  [`@stdlib/UUIDs`]\u001b[39m\n",
      " \u001b[90m [4ec0a83e]\u001b[39m\u001b[37m Unicode  [`@stdlib/Unicode`]\u001b[39m\n"
     ]
    },
    {
     "name": "stderr",
     "output_type": "stream",
     "text": [
      "┌ Warning: CuArrays.jl only supports CUDNN v7.6 or higher\n",
      "└ @ CuArrays ~/.julia/packages/CuArrays/HE8G6/src/CuArrays.jl:121\n",
      "[ Info: Testing using device Tesla V100-SXM2-16GB (compute capability 7.0.0, 15.045 GiB available memory) on CUDA driver 10.1.0 and toolkit 10.0.130\n",
      "┌ Warning: Performing scalar operations on GPU arrays: This is very slow, consider disallowing these operations with `allowscalar(false)`\n",
      "└ @ GPUArrays ~/.julia/packages/GPUArrays/1wgPO/src/indexing.jl:16\n",
      "[ Info: Testing CUDNN 7.5.1\n",
      "┌ Warning: Not testing CUTENSOR\n",
      "└ @ Main ~/.julia/packages/CuArrays/HE8G6/test/tensor.jl:7\n",
      "[ Info: Testing ForwardDiff integration\n"
     ]
    },
    {
     "name": "stdout",
     "output_type": "stream",
     "text": [
      "Effective GPU memory usage: 6.31% (1017.625 MiB/15.752 GiB)\n",
      "CuArrays GPU memory usage: 10.706 MiB\n",
      "BinnedPool usage: 10.706 MiB (10.461 MiB allocated, 250.255 KiB cached)\n",
      "BinnedPool efficiency: 70.66% (7.565 MiB requested, 10.706 MiB allocated)\n",
      " ────────────────────────────────────────────────────────\n",
      "                                           Time          \n",
      "                                   ──────────────────────\n",
      "         Tot / % measured:               632s / 0.76%    \n",
      "\n",
      " Section                   ncalls     time   %tot     avg\n",
      " ────────────────────────────────────────────────────────\n",
      " background task               17    969ms  20.2%  57.0ms\n",
      "   pooled free                325    684μs  0.01%  2.10μs\n",
      "   reclaim                     17   17.3ms  0.36%  1.02ms\n",
      "   scan                        17   43.4μs  0.00%  2.55μs\n",
      " pooled alloc               10.2k    3.76s  78.5%   369μs\n",
      "   1. try alloc             3.67k    118ms  2.47%  32.2μs\n",
      "   2. gc (incremental)          6    376ms  7.85%  62.7ms\n",
      "     pooled free               14   27.3μs  0.00%  1.95μs\n",
      "   3. reclaim unused            6    317μs  0.01%  52.9μs\n",
      "     reclaim                    6    281μs  0.01%  46.8μs\n",
      "     scan                       6   13.4μs  0.00%  2.24μs\n",
      "   4. try alloc                 6   6.56ms  0.14%  1.09ms\n",
      "   5. gc (full)                 6    2.34s  48.8%   390ms\n",
      "   6. reclaim unused            6   57.3μs  0.00%  9.55μs\n",
      "     reclaim                    6   14.2μs  0.00%  2.37μs\n",
      "     scan                       6   17.2μs  0.00%  2.87μs\n",
      "   7. try alloc                 6   8.10ms  0.17%  1.35ms\n",
      "   8. reclaim everything        6   36.3μs  0.00%  6.05μs\n",
      "     reclaim                    6   9.27μs  0.00%  1.54μs\n",
      "     scan                       6   9.23μs  0.00%  1.54μs\n",
      "   9. try alloc                 6   11.8ms  0.25%  1.96ms\n",
      " pooled free                7.77k   96.6ms  2.01%  12.4μs\n",
      " reclaim                        6   7.08ms  0.15%  1.18ms\n",
      " scan                           6   13.8μs  0.00%  2.30μs\n",
      " ────────────────────────────────────────────────────────\n",
      " ────────────────────────────────────────\n",
      "                           Time          \n",
      "                   ──────────────────────\n",
      " Tot / % measured:       632s / 0.02%    \n",
      "\n",
      " Section   ncalls     time   %tot     avg\n",
      " ────────────────────────────────────────\n",
      " alloc      3.69k    128ms  84.8%  34.8μs\n",
      " free       1.51k   22.9ms  15.2%  15.2μs\n",
      " ────────────────────────────────────────\n",
      "Test Summary: | Pass  Total\n",
      "CuArrays      | 4898   4898\n",
      "\u001b[32m\u001b[1m   Testing\u001b[22m\u001b[39m CuArrays tests passed \n"
     ]
    }
   ],
   "source": [
    "Pkg.add([\"CUDAdrv\", \"CUDAnative\", \"CuArrays\"])\n",
    "using CUDAdrv, CUDAnative, CuArrays\n",
    "Pkg.test([\"CUDAdrv\", \"CUDAnative\", \"CuArrays\"])"
   ]
  },
  {
   "cell_type": "markdown",
   "metadata": {},
   "source": [
    "## Testing flux"
   ]
  },
  {
   "cell_type": "code",
   "execution_count": 4,
   "metadata": {},
   "outputs": [
    {
     "name": "stdout",
     "output_type": "stream",
     "text": [
      "\u001b[32m\u001b[1m   Testing\u001b[22m\u001b[39m Flux\n",
      "\u001b[32m\u001b[1m Resolving\u001b[22m\u001b[39m package versions...\n",
      "\u001b[32m\u001b[1m    Status\u001b[22m\u001b[39m `/tmp/jl_jEmGiQ/Manifest.toml`\n",
      " \u001b[90m [1520ce14]\u001b[39m\u001b[37m AbstractTrees v0.3.2\u001b[39m\n",
      " \u001b[90m [79e6a3ab]\u001b[39m\u001b[37m Adapt v1.0.1\u001b[39m\n",
      " \u001b[90m [b99e7846]\u001b[39m\u001b[37m BinaryProvider v0.5.8\u001b[39m\n",
      " \u001b[90m [944b1d66]\u001b[39m\u001b[37m CodecZlib v0.6.0\u001b[39m\n",
      " \u001b[90m [3da002f7]\u001b[39m\u001b[37m ColorTypes v0.9.1\u001b[39m\n",
      " \u001b[90m [5ae59095]\u001b[39m\u001b[37m Colors v0.11.2\u001b[39m\n",
      " \u001b[90m [bbf7d656]\u001b[39m\u001b[37m CommonSubexpressions v0.2.0\u001b[39m\n",
      " \u001b[90m [9a962f9c]\u001b[39m\u001b[37m DataAPI v1.1.0\u001b[39m\n",
      " \u001b[90m [864edb3b]\u001b[39m\u001b[37m DataStructures v0.17.9\u001b[39m\n",
      " \u001b[90m [163ba53b]\u001b[39m\u001b[37m DiffResults v1.0.2\u001b[39m\n",
      " \u001b[90m [b552c78f]\u001b[39m\u001b[37m DiffRules v1.0.1\u001b[39m\n",
      " \u001b[90m [53c48c17]\u001b[39m\u001b[37m FixedPointNumbers v0.7.1\u001b[39m\n",
      " \u001b[90m [587475ba]\u001b[39m\u001b[37m Flux v0.8.3\u001b[39m\n",
      " \u001b[90m [f6369f11]\u001b[39m\u001b[37m ForwardDiff v0.10.9\u001b[39m\n",
      " \u001b[90m [e5e0dc1b]\u001b[39m\u001b[37m Juno v0.8.0\u001b[39m\n",
      " \u001b[90m [1914dd2f]\u001b[39m\u001b[37m MacroTools v0.5.4\u001b[39m\n",
      " \u001b[90m [e89f7d12]\u001b[39m\u001b[37m Media v0.5.0\u001b[39m\n",
      " \u001b[90m [e1d29d7a]\u001b[39m\u001b[37m Missings v0.4.3\u001b[39m\n",
      " \u001b[90m [872c559c]\u001b[39m\u001b[37m NNlib v0.6.4\u001b[39m\n",
      " \u001b[90m [77ba4419]\u001b[39m\u001b[37m NaNMath v0.3.3\u001b[39m\n",
      " \u001b[90m [efe28fd5]\u001b[39m\u001b[37m OpenSpecFun_jll v0.5.3+1\u001b[39m\n",
      " \u001b[90m [bac558e1]\u001b[39m\u001b[37m OrderedCollections v1.1.0\u001b[39m\n",
      " \u001b[90m [189a3867]\u001b[39m\u001b[37m Reexport v0.2.0\u001b[39m\n",
      " \u001b[90m [ae029012]\u001b[39m\u001b[37m Requires v1.0.1\u001b[39m\n",
      " \u001b[90m [a2af1166]\u001b[39m\u001b[37m SortingAlgorithms v0.3.1\u001b[39m\n",
      " \u001b[90m [276daf66]\u001b[39m\u001b[37m SpecialFunctions v0.10.0\u001b[39m\n",
      " \u001b[90m [90137ffa]\u001b[39m\u001b[37m StaticArrays v0.12.1\u001b[39m\n",
      " \u001b[90m [2913bbd2]\u001b[39m\u001b[37m StatsBase v0.32.1\u001b[39m\n",
      " \u001b[90m [9f7883ad]\u001b[39m\u001b[37m Tracker v0.2.6\u001b[39m\n",
      " \u001b[90m [3bb67fe8]\u001b[39m\u001b[37m TranscodingStreams v0.9.5\u001b[39m\n",
      " \u001b[90m [a5390f91]\u001b[39m\u001b[37m ZipFile v0.9.1\u001b[39m\n",
      " \u001b[90m [83775a58]\u001b[39m\u001b[37m Zlib_jll v1.2.11+8\u001b[39m\n",
      " \u001b[90m [2a0f44e3]\u001b[39m\u001b[37m Base64  [`@stdlib/Base64`]\u001b[39m\n",
      " \u001b[90m [ade2ca70]\u001b[39m\u001b[37m Dates  [`@stdlib/Dates`]\u001b[39m\n",
      " \u001b[90m [8bb1440f]\u001b[39m\u001b[37m DelimitedFiles  [`@stdlib/DelimitedFiles`]\u001b[39m\n",
      " \u001b[90m [8ba89e20]\u001b[39m\u001b[37m Distributed  [`@stdlib/Distributed`]\u001b[39m\n",
      " \u001b[90m [b77e0a4c]\u001b[39m\u001b[37m InteractiveUtils  [`@stdlib/InteractiveUtils`]\u001b[39m\n",
      " \u001b[90m [76f85450]\u001b[39m\u001b[37m LibGit2  [`@stdlib/LibGit2`]\u001b[39m\n",
      " \u001b[90m [8f399da3]\u001b[39m\u001b[37m Libdl  [`@stdlib/Libdl`]\u001b[39m\n",
      " \u001b[90m [37e2e46d]\u001b[39m\u001b[37m LinearAlgebra  [`@stdlib/LinearAlgebra`]\u001b[39m\n",
      " \u001b[90m [56ddb016]\u001b[39m\u001b[37m Logging  [`@stdlib/Logging`]\u001b[39m\n",
      " \u001b[90m [d6f4376e]\u001b[39m\u001b[37m Markdown  [`@stdlib/Markdown`]\u001b[39m\n",
      " \u001b[90m [a63ad114]\u001b[39m\u001b[37m Mmap  [`@stdlib/Mmap`]\u001b[39m\n",
      " \u001b[90m [44cfe95a]\u001b[39m\u001b[37m Pkg  [`@stdlib/Pkg`]\u001b[39m\n",
      " \u001b[90m [de0858da]\u001b[39m\u001b[37m Printf  [`@stdlib/Printf`]\u001b[39m\n",
      " \u001b[90m [9abbd945]\u001b[39m\u001b[37m Profile  [`@stdlib/Profile`]\u001b[39m\n",
      " \u001b[90m [3fa0cd96]\u001b[39m\u001b[37m REPL  [`@stdlib/REPL`]\u001b[39m\n",
      " \u001b[90m [9a3f8284]\u001b[39m\u001b[37m Random  [`@stdlib/Random`]\u001b[39m\n",
      " \u001b[90m [ea8e919c]\u001b[39m\u001b[37m SHA  [`@stdlib/SHA`]\u001b[39m\n",
      " \u001b[90m [9e88b42a]\u001b[39m\u001b[37m Serialization  [`@stdlib/Serialization`]\u001b[39m\n",
      " \u001b[90m [6462fe0b]\u001b[39m\u001b[37m Sockets  [`@stdlib/Sockets`]\u001b[39m\n",
      " \u001b[90m [2f01184e]\u001b[39m\u001b[37m SparseArrays  [`@stdlib/SparseArrays`]\u001b[39m\n",
      " \u001b[90m [10745b16]\u001b[39m\u001b[37m Statistics  [`@stdlib/Statistics`]\u001b[39m\n",
      " \u001b[90m [8dfed614]\u001b[39m\u001b[37m Test  [`@stdlib/Test`]\u001b[39m\n",
      " \u001b[90m [cf7118a7]\u001b[39m\u001b[37m UUIDs  [`@stdlib/UUIDs`]\u001b[39m\n",
      " \u001b[90m [4ec0a83e]\u001b[39m\u001b[37m Unicode  [`@stdlib/Unicode`]\u001b[39m\n"
     ]
    },
    {
     "name": "stderr",
     "output_type": "stream",
     "text": [
      "[ Info: Testing Basics\n",
      "[ Info: Testing Layers\n"
     ]
    },
    {
     "name": "stdout",
     "output_type": "stream",
     "text": [
      "0.044721193126701045\n"
     ]
    },
    {
     "name": "stderr",
     "output_type": "stream",
     "text": [
      "[ Info: Running Gradient Checks\n",
      "┌ Warning: CuArrays.jl only supports CUDNN v7.6 or higher\n",
      "└ @ CuArrays ~/.julia/packages/CuArrays/HE8G6/src/CuArrays.jl:121\n",
      "┌ Warning: Error requiring CuArrays from Flux:\n",
      "│ LoadError: UndefVarError: libcudnn not defined\n",
      "│ Stacktrace:\n",
      "│  [1] getproperty(::Module, ::Symbol) at ./Base.jl:13\n",
      "│  [2] top-level scope at /home/ec2-user/.julia/packages/Flux/qXNjB/src/cuda/cuda.jl:26\n",
      "│  [3] include at ./boot.jl:328 [inlined]\n",
      "│  [4] include_relative(::Module, ::String) at ./loading.jl:1105\n",
      "│  [5] include at ./Base.jl:31 [inlined]\n",
      "│  [6] include(::String) at /home/ec2-user/.julia/packages/Flux/qXNjB/src/Flux.jl:1\n",
      "│  [7] top-level scope at /home/ec2-user/.julia/packages/Flux/qXNjB/test/cuda/cuda.jl:1\n",
      "│  [8] eval at ./boot.jl:330 [inlined]\n",
      "│  [9] eval at /home/ec2-user/.julia/packages/Flux/qXNjB/src/Flux.jl:1 [inlined]\n",
      "│  [10] (::Flux.var\"#150#154\")() at /home/ec2-user/.julia/packages/Requires/qy6zC/src/require.jl:85\n",
      "│  [11] err(::Any, ::Module, ::String) at /home/ec2-user/.julia/packages/Requires/qy6zC/src/require.jl:42\n",
      "│  [12] (::Flux.var\"#149#153\")() at /home/ec2-user/.julia/packages/Requires/qy6zC/src/require.jl:84\n",
      "│  [13] withpath(::Any, ::String) at /home/ec2-user/.julia/packages/Requires/qy6zC/src/require.jl:32\n",
      "│  [14] (::Flux.var\"#148#152\")() at /home/ec2-user/.julia/packages/Requires/qy6zC/src/require.jl:83\n",
      "│  [15] #invokelatest#1 at ./essentials.jl:709 [inlined]\n",
      "│  [16] invokelatest at ./essentials.jl:708 [inlined]\n",
      "│  [17] foreach at ./abstractarray.jl:1920 [inlined]\n",
      "│  [18] loadpkg(::Base.PkgId) at /home/ec2-user/.julia/packages/Requires/qy6zC/src/require.jl:22\n",
      "│  [19] #invokelatest#1 at ./essentials.jl:709 [inlined]\n",
      "│  [20] invokelatest at ./essentials.jl:708 [inlined]\n",
      "│  [21] require(::Base.PkgId) at ./loading.jl:925\n",
      "│  [22] require(::Module, ::Symbol) at ./loading.jl:917\n",
      "│  [23] include at ./boot.jl:328 [inlined]\n",
      "│  [24] include_relative(::Module, ::String) at ./loading.jl:1105\n",
      "│  [25] include(::Module, ::String) at ./Base.jl:31\n",
      "│  [26] include(::String) at ./client.jl:424\n",
      "│  [27] top-level scope at /home/ec2-user/.julia/packages/Flux/qXNjB/test/runtests.jl:30\n",
      "│  [28] top-level scope at /buildworker/worker/package_linux64/build/usr/share/julia/stdlib/v1.3/Test/src/Test.jl:1107\n",
      "│  [29] top-level scope at /home/ec2-user/.julia/packages/Flux/qXNjB/test/runtests.jl:11\n",
      "│  [30] include at ./boot.jl:328 [inlined]\n",
      "│  [31] include_relative(::Module, ::String) at ./loading.jl:1105\n",
      "│  [32] include(::Module, ::String) at ./Base.jl:31\n",
      "│  [33] include(::String) at ./client.jl:424\n",
      "│  [34] top-level scope at none:6\n",
      "│  [35] eval(::Module, ::Any) at ./boot.jl:330\n",
      "│  [36] exec_options(::Base.JLOptions) at ./client.jl:263\n",
      "│  [37] _start() at ./client.jl:460\n",
      "│ in expression starting at /home/ec2-user/.julia/packages/Flux/qXNjB/src/cuda/cuda.jl:26\n",
      "└ @ Requires ~/.julia/packages/Requires/qy6zC/src/require.jl:44\n",
      "[ Info: Testing GPU Support\n"
     ]
    },
    {
     "name": "stdout",
     "output_type": "stream",
     "text": [
      "CuArrays: Test Failed at /home/ec2-user/.julia/packages/Flux/qXNjB/test/cuda/cuda.jl:25\n",
      "  Expression: cm(gpu(rand(10, 10))) isa TrackedArray{Float32, 2, CuArray{Float32, 2}}\n",
      "   Evaluated: Float32[0.48351997 0.48396528 … 0.48153773 0.4890022; 0.51648 0.5160347 … 0.51846224 0.51099783] (tracked) isa TrackedArray{…,CuArray{Float32,2,P} where P}\n",
      "Stacktrace:\n",
      " [1] top-level scope at /home/ec2-user/.julia/packages/Flux/qXNjB/test/cuda/cuda.jl:25\n",
      " [2] top-level scope at /buildworker/worker/package_linux64/build/usr/share/julia/stdlib/v1.3/Test/src/Test.jl:1107\n",
      " [3] top-level scope at /home/ec2-user/.julia/packages/Flux/qXNjB/test/cuda/cuda.jl:8\n",
      "Flux: Error During Test at /home/ec2-user/.julia/packages/Flux/qXNjB/test/runtests.jl:9\n",
      "  Got exception outside of a @test\n",
      "  LoadError: UndefVarError: libcudnn not defined\n",
      "  Stacktrace:\n",
      "   [1] getproperty(::Module, ::Symbol) at ./Base.jl:13\n",
      "   [2] top-level scope at /home/ec2-user/.julia/packages/Flux/qXNjB/test/cuda/cuda.jl:41\n",
      "   [3] include at ./boot.jl:328 [inlined]\n",
      "   [4] include_relative(::Module, ::String) at ./loading.jl:1105\n",
      "   [5] include(::Module, ::String) at ./Base.jl:31\n",
      "   [6] include(::String) at ./client.jl:424\n",
      "   [7] top-level scope at /home/ec2-user/.julia/packages/Flux/qXNjB/test/runtests.jl:30\n",
      "   [8] top-level scope at /buildworker/worker/package_linux64/build/usr/share/julia/stdlib/v1.3/Test/src/Test.jl:1107\n",
      "   [9] top-level scope at /home/ec2-user/.julia/packages/Flux/qXNjB/test/runtests.jl:11\n",
      "   [10] include at ./boot.jl:328 [inlined]\n",
      "   [11] include_relative(::Module, ::String) at ./loading.jl:1105\n",
      "   [12] include(::Module, ::String) at ./Base.jl:31\n",
      "   [13] include(::String) at ./client.jl:424\n",
      "   [14] top-level scope at none:6\n",
      "   [15] eval(::Module, ::Any) at ./boot.jl:330\n",
      "   [16] exec_options(::Base.JLOptions) at ./client.jl:263\n",
      "   [17] _start() at ./client.jl:460\n",
      "  in expression starting at /home/ec2-user/.julia/packages/Flux/qXNjB/test/cuda/cuda.jl:41\n",
      "  \n",
      "Test Summary:        | Pass  Fail  Error  Total\n",
      "Flux                 |  203     1      1    205\n",
      "  Throttle           |   11                  11\n",
      "  Jacobian           |    1                   1\n",
      "  Initialization     |   12                  12\n",
      "  Params             |    2                   2\n",
      "  Basic Stacking     |    1                   1\n",
      "  Precision          |    6                   6\n",
      "  Stacking           |    3                   3\n",
      "  onecold            |    4                   4\n",
      "  Optimise           |   11                  11\n",
      "  Optimiser          |    3                   3\n",
      "  Training Loop      |    2                   2\n",
      "  basic              |   25                  25\n",
      "  Dropout            |    8                   8\n",
      "  BatchNorm          |   14                  14\n",
      "  InstanceNorm       |   16                  16\n",
      "  GroupNorm          |   16                  16\n",
      "  losses             |   30                  30\n",
      "  Pooling            |    2                   2\n",
      "  CNN                |    1                   1\n",
      "  asymmetric padding |    7                   7\n",
      "  Depthwise Conv     |    4                   4\n",
      "  ConvTranspose      |    1                   1\n",
      "  Tracker            |    4                   4\n",
      "  CuArrays           |    7     1             8\n"
     ]
    },
    {
     "name": "stderr",
     "output_type": "stream",
     "text": [
      "ERROR: LoadError: Some tests did not pass: 203 passed, 1 failed, 1 errored, 0 broken.\n",
      "in expression starting at /home/ec2-user/.julia/packages/Flux/qXNjB/test/runtests.jl:9\n"
     ]
    },
    {
     "ename": "Pkg.Types.PkgError",
     "evalue": "Package Flux errored during testing",
     "output_type": "error",
     "traceback": [
      "Package Flux errored during testing",
      "",
      "Stacktrace:",
      " [1] pkgerror(::String, ::Vararg{String,N} where N) at /buildworker/worker/package_linux64/build/usr/share/julia/stdlib/v1.3/Pkg/src/Types.jl:113",
      " [2] #test#131(::Bool, ::Nothing, ::Cmd, ::Cmd, ::typeof(Pkg.Operations.test), ::Pkg.Types.Context, ::Array{Pkg.Types.PackageSpec,1}) at /buildworker/worker/package_linux64/build/usr/share/julia/stdlib/v1.3/Pkg/src/Operations.jl:1372",
      " [3] #test at ./none:0 [inlined]",
      " [4] #test#62(::Bool, ::Nothing, ::Cmd, ::Cmd, ::Base.Iterators.Pairs{Union{},Union{},Tuple{},NamedTuple{(),Tuple{}}}, ::typeof(Pkg.API.test), ::Pkg.Types.Context, ::Array{Pkg.Types.PackageSpec,1}) at /buildworker/worker/package_linux64/build/usr/share/julia/stdlib/v1.3/Pkg/src/API.jl:253",
      " [5] test(::Pkg.Types.Context, ::Array{Pkg.Types.PackageSpec,1}) at /buildworker/worker/package_linux64/build/usr/share/julia/stdlib/v1.3/Pkg/src/API.jl:239",
      " [6] #test#61 at /buildworker/worker/package_linux64/build/usr/share/julia/stdlib/v1.3/Pkg/src/API.jl:233 [inlined]",
      " [7] test at /buildworker/worker/package_linux64/build/usr/share/julia/stdlib/v1.3/Pkg/src/API.jl:233 [inlined]",
      " [8] #test#60 at /buildworker/worker/package_linux64/build/usr/share/julia/stdlib/v1.3/Pkg/src/API.jl:232 [inlined]",
      " [9] test at /buildworker/worker/package_linux64/build/usr/share/julia/stdlib/v1.3/Pkg/src/API.jl:232 [inlined]",
      " [10] #test#59(::Base.Iterators.Pairs{Union{},Union{},Tuple{},NamedTuple{(),Tuple{}}}, ::typeof(Pkg.API.test), ::String) at /buildworker/worker/package_linux64/build/usr/share/julia/stdlib/v1.3/Pkg/src/API.jl:231",
      " [11] test(::String) at /buildworker/worker/package_linux64/build/usr/share/julia/stdlib/v1.3/Pkg/src/API.jl:231",
      " [12] top-level scope at In[4]:1"
     ]
    }
   ],
   "source": [
    "Pkg.test(\"Flux\")"
   ]
  },
  {
   "cell_type": "code",
   "execution_count": null,
   "metadata": {},
   "outputs": [],
   "source": []
  }
 ],
 "metadata": {
  "kernelspec": {
   "display_name": "Julia 1.3.1",
   "language": "julia",
   "name": "julia-1.3"
  },
  "language_info": {
   "file_extension": ".jl",
   "mimetype": "application/julia",
   "name": "julia",
   "version": "1.3.1"
  }
 },
 "nbformat": 4,
 "nbformat_minor": 2
}
